
 RUN  v4.1.10 /Volumes/DataDisk/_Projects/Project Mana base V2

·····································································································stdout | src/services/__tests__/sideboardDetection.test.ts
[LandCacheService] Preloaded 264 lands from seed
[LandService] Initialized with seed data

stdout | src/services/__tests__/landBatch.t07.test.ts
[LandCacheService] Preloaded 264 lands from seed
[LandService] Initialized with seed data

·················stdout | src/services/manaCalculator.test.ts
[LandCacheService] Preloaded 264 lands from seed
[LandService] Initialized with seed data

··················································stdout | src/components/analyzer/__tests__/landUtils.test.ts
[LandCacheService] Preloaded 264 lands from seed
[LandService] Initialized with seed data

stdout | src/components/analyzer/__tests__/landUtils.test.ts > landUtils - Performance > isLandCardComplete est rapide (<500ms pour 10000 appels)
✅ Performance: 10000 isLandCardComplete en 29.86ms

stdout | src/components/analyzer/__tests__/landUtils.test.ts > landUtils - Performance > categorizeLandComplete est rapide (<100ms pour 6000 appels)
✅ Performance: 6000 categorizeLandComplete en 5.85ms

·······················································stdout | src/services/__tests__/landCacheService.test.ts > LandCacheService batched writes (T04) > batch flush: N set() during preload → single setItem
[LandCacheService] Preloaded 50 lands from seed

stderr | src/services/__tests__/landCacheService.test.ts > LandCacheService batched writes (T04) > recovers from corrupted localStorage JSON
[LandCacheService] Corrupted cache JSON, resetting

stdout | src/services/__tests__/landCacheService.test.ts > LandCacheService batched writes (T04) > on QuotaExceededError: evicts oldest then retries once
[LandCacheService] Saved after quota eviction (21 entries)

stdout | src/services/__tests__/landCacheService.test.ts > LandCacheService batched writes (T04) > persists across instances after flush (session reload simulation)
[LandCacheService] Preloaded 2 lands from seed

···········stdout | src/services/__tests__/cleanCardName.test.ts
[LandCacheService] Preloaded 264 lands from seed
[LandService] Initialized with seed data

······················stderr | src/services/__tests__/landBatch.t07.test.ts > T07 fetchLandDataBatch > batch failure falls back to sequential named
[Scryfall] Batch land data fetch failed (chunk): Error: Scryfall collection API error: 500
    at fetchLandDataBatch (/Volumes/DataDisk/_Projects/Project Mana base V2/src/services/scryfall.ts:544:15)
    at /Volumes/DataDisk/_Projects/Project Mana base V2/src/services/__tests__/landBatch.t07.test.ts:152:17
    at file:///Volumes/DataDisk/_Projects/Project%20Mana%20base%20V2/node_modules/@vitest/runner/dist/chunk-artifact.js:1903:20

·····················stdout | src/services/__tests__/tempoYield.t06.test.ts
[LandCacheService] Preloaded 264 lands from seed
[LandService] Initialized with seed data

···············stdout | tests/component/AnalyzerPage.test.jsx
[LandCacheService] Preloaded 264 lands from seed
[LandService] Initialized with seed data

stdout | src/services/__tests__/critical.test.ts
[LandCacheService] Preloaded 264 lands from seed
[LandService] Initialized with seed data

stdout | src/services/__tests__/critical.test.ts > ManaTuner - Tests Critiques > 🎯 CRITÈRE #1: P1 vs P2 - Lightning Bolt
✅ Lightning Bolt: T1=74.1% vs T2=89.8%

stdout | src/services/__tests__/critical.test.ts > ManaTuner - Tests Critiques > 🎯 CRITÈRE #2: Seuil 90% Frank Karsten
✅ Karsten 90%: 86.1% (sources: 14)

stdout | src/services/__tests__/critical.test.ts > ManaTuner - Tests Critiques > 🎯 CRITIÈRE #3: Analyse de carte complète
✅ Lightning Bolt Analysis: 80.9%

stdout | src/services/__tests__/critical.test.ts > ManaTuner - Tests Critiques > 🎯 CRITÈRE #4: Performance < 1ms
✅ Performance: 100 calculs en 0.59ms

stdout | src/services/__tests__/critical.test.ts > ManaTuner - Tests Critiques > 🎯 CRITÈRE #5: Deck complet fonctionne
✅ Deck Analysis: 32 cards, health: Excellente - Manabase très stable

·····stdout | src/services/__tests__/assertCardResolution.test.ts
[LandCacheService] Preloaded 264 lands from seed
[LandService] Initialized with seed data

··········································stdout | src/services/__tests__/hypergeomSsot.t09.test.ts
[LandCacheService] Preloaded 264 lands from seed
[LandService] Initialized with seed data

stderr | src/utils/__tests__/urlCodec.test.ts > urlCodec > buildShareUrl returns empty string when encode fails
[vitest] The TextEncoder mock did not use 'function' or 'class' in its implementation, see https://vitest.dev/api/vi#vi-spyon for examples.

································stdout | src/services/__tests__/countActiveWubrgColors.test.ts
[LandCacheService] Preloaded 264 lands from seed
[LandService] Initialized with seed data

··········stdout | src/services/__tests__/deckSplit.t08.test.ts
[LandCacheService] Preloaded 264 lands from seed
[LandService] Initialized with seed data

stdout | tests/component/PaymentPolicyPanel.test.tsx
[LandCacheService] Preloaded 264 lands from seed
[LandService] Initialized with seed data

···············stdout | src/services/__tests__/landDetection.ssot.test.ts
[LandCacheService] Preloaded 264 lands from seed
[LandService] Initialized with seed data

·····················································

 Test Files  38 passed (38)
      Tests  449 passed (449)
   Start at  11:42:09
   Duration  6.87s (transform 3.22s, setup 3.96s, import 10.49s, tests 10.97s, environment 22.96s)

