vite v7.3.6 building client environment for production...
transforming...
✓ 2511 modules transformed.
Circular chunk: vendor-mui -> vendor-redux -> vendor-mui. Please adjust the manual chunk logic for these chunks.
rendering chunks...
computing gzip size...
docs/engineering/preuves-corrections/S001/dist/assets/paymentPolicy.worker-BJ_r2YNs.js        9.39 kB
docs/engineering/preuves-corrections/S001/dist/index.html                                    12.45 kB │ gzip:   3.93 kB
docs/engineering/preuves-corrections/S001/dist/assets/mulliganArchetype.worker-6DQT9pGx.js   13.90 kB
docs/engineering/preuves-corrections/S001/dist/assets/index-qsdYYaTe.css                     16.39 kB │ gzip:   4.16 kB
docs/engineering/preuves-corrections/S001/dist/assets/manaColors-CdHs3f_8.js                  0.42 kB │ gzip:   0.24 kB
docs/engineering/preuves-corrections/S001/dist/assets/FloatingManaSymbols-CGGG-Ofw.js         1.20 kB │ gzip:   0.65 kB
docs/engineering/preuves-corrections/S001/dist/assets/CardImageTooltip-BmdZz5TK.js            1.35 kB │ gzip:   0.70 kB
docs/engineering/preuves-corrections/S001/dist/assets/privacy-COPoqHGv.js                     3.67 kB │ gzip:   1.61 kB
docs/engineering/preuves-corrections/S001/dist/assets/AuthorPage-CbPSMctH.js                  3.90 kB │ gzip:   1.77 kB
docs/engineering/preuves-corrections/S001/dist/assets/PrivacySettings-BOIgYYfC.js             5.17 kB │ gzip:   2.12 kB
docs/engineering/preuves-corrections/S001/dist/assets/ArticleDetailPage-YcLIfYu6.js           7.71 kB │ gzip:   2.91 kB
docs/engineering/preuves-corrections/S001/dist/assets/EnhancedCharts-BoiJusXY.js              8.80 kB │ gzip:   2.57 kB
docs/engineering/preuves-corrections/S001/dist/assets/AnalysisTab-eYkTcxv7.js                 9.03 kB │ gzip:   3.01 kB
docs/engineering/preuves-corrections/S001/dist/assets/StaticPages-B8zPkYDI.js                 9.13 kB │ gzip:   3.13 kB
docs/engineering/preuves-corrections/S001/dist/assets/EnhancedSpellAnalysis-DGuPL4tC.js      12.90 kB │ gzip:   3.83 kB
docs/engineering/preuves-corrections/S001/dist/assets/ManabaseFullTab-Cp_mk3qY.js            13.40 kB │ gzip:   4.69 kB
docs/engineering/preuves-corrections/S001/dist/assets/LandGlossaryPage-ZEkMGN82.js           13.66 kB │ gzip:   5.06 kB
docs/engineering/preuves-corrections/S001/dist/assets/ManaBlueprint-BxJRsG4f.js              15.43 kB │ gzip:   4.83 kB
docs/engineering/preuves-corrections/S001/dist/assets/MyAnalysesPage-CzdEk5Pb.js             18.13 kB │ gzip:   5.48 kB
docs/engineering/preuves-corrections/S001/dist/assets/MulliganTab-C623OGS9.js                24.71 kB │ gzip:   8.23 kB
docs/engineering/preuves-corrections/S001/dist/assets/GuidePage-CSHuSkkt.js                  26.12 kB │ gzip:   8.15 kB
docs/engineering/preuves-corrections/S001/dist/assets/MathematicsPage-B93qraev.js            26.24 kB │ gzip:   7.51 kB
docs/engineering/preuves-corrections/S001/dist/assets/ReferenceArticlesPage-BOOSaWq9.js      28.17 kB │ gzip:   8.37 kB
docs/engineering/preuves-corrections/S001/dist/assets/purify.es-Ktofpjop.js                  28.68 kB │ gzip:  10.96 kB
docs/engineering/preuves-corrections/S001/dist/assets/vendor-mui-icons-CXd-WJEu.js           37.33 kB │ gzip:  11.34 kB
docs/engineering/preuves-corrections/S001/dist/assets/PaymentPolicyPanel-CQ8ve-G3.js         44.15 kB │ gzip:   6.35 kB
docs/engineering/preuves-corrections/S001/dist/assets/vendor-redux-Bc1t3V2X.js               46.95 kB │ gzip:  15.76 kB
docs/engineering/preuves-corrections/S001/dist/assets/useLibraryProgress-DrkW-2Y1.js         63.40 kB │ gzip:  19.06 kB
docs/engineering/preuves-corrections/S001/dist/assets/CastabilityTab-BC7IetaV.js             70.37 kB │ gzip:  18.72 kB
docs/engineering/preuves-corrections/S001/dist/assets/Onboarding-BYzdDrPn.js                101.80 kB │ gzip:  31.58 kB
docs/engineering/preuves-corrections/S001/dist/assets/AnalyzerPage-C3N071Nx.js              132.87 kB │ gzip:  36.64 kB
docs/engineering/preuves-corrections/S001/dist/assets/index-ZBSSiDVt.js                     153.87 kB │ gzip:  43.33 kB
docs/engineering/preuves-corrections/S001/dist/assets/index.es-DmCRpKFg.js                  157.96 kB │ gzip:  52.59 kB
docs/engineering/preuves-corrections/S001/dist/assets/vendor-react-YPwVjS-F.js              191.95 kB │ gzip:  62.92 kB
docs/engineering/preuves-corrections/S001/dist/assets/html2canvas.esm-DmLBsbfV.js           200.54 kB │ gzip:  46.94 kB
docs/engineering/preuves-corrections/S001/dist/assets/vendor-mui-CPNqbaNh.js                370.11 kB │ gzip: 111.38 kB
docs/engineering/preuves-corrections/S001/dist/assets/jspdf.es.min-09Gk00SM.js              385.89 kB │ gzip: 124.85 kB
docs/engineering/preuves-corrections/S001/dist/assets/vendor-charts-Cry7PZGj.js             430.96 kB │ gzip: 114.25 kB
✓ built in 9.57s
