reid-duke-level-one-building-a-deck 200 accessible_http
karsten-how-many-lands-2022 200 accessible_http
kuisma-beat-bad-luck 200 accessible_http
chapin-art-of-mulligan 200 accessible_http
saito-part-2-having-fun 200 accessible_http
reid-duke-level-one-mulligans 200 accessible_http
reid-duke-level-one-sequencing 200 accessible_http
pvddr-6-heuristics 200 accessible_http
manfield-prepare-tournament 200 accessible_http
reid-duke-level-one-sideboarding 200 accessible_http
reid-duke-level-one-sideboard-plans 200 accessible_http
reid-duke-mulligans-part-iii-constructed 200 accessible_http
pvddr-one-mistake-archive 200 accessible_http
fortier-ladder-series 200 accessible_http
zvi-using-time-wisely 200 accessible_http
pvddr-when-to-mulligan 404 broken_http
saito-part-1-concentration 200 accessible_http
fortier-dash-method 200 accessible_http
dagen-puzzling-improvements 200 accessible_http
moudou-game-theory-series 200 accessible_http
chapin-61-cards-russian-roulette 200 accessible_http
yahi-maths-inventory 200 accessible_http
pvddr-best-vs-known 200 accessible_http
chapin-information-cascades 200 accessible_http
zvi-elephant-method 200 accessible_http
saito-part-3-environment 200 accessible_http
saito-part-4-metagame 200 accessible_http
saito-part-5-connections 200 accessible_http
saito-part-7-other-lessons 200 accessible_http
pvddr-pv-rule 200 accessible_http
karsten-colored-sources-2022 200 accessible_http
karsten-hypergeometric-intro 200 accessible_http
karsten-colored-sources-2018-archive 200 accessible_http
karsten-commander-manabase None unverified
wizards-commander-brackets-2024 200 accessible_http
command-zone-podcast 200 accessible_http
game-knights-command-zone-studios 200 accessible_http
edhrec-articles-hub 200 accessible_http
limited-resources-podcast 200 accessible_http
seventeen-lands-blog 200 accessible_http
lsv-draft-signals-classic 200 accessible_http
reid-duke-signals-booster-draft 200 accessible_http
reid-duke-sideboarding-limited 200 accessible_http
reid-duke-mulligans-part-ii-limited 200 accessible_http
chapin-next-level-deckbuilding 200 accessible_http
reid-duke-level-one-role-assignment 200 accessible_http
reid-duke-level-one-play-or-draw 200 accessible_http
chapin-next-level-magic-tempo 200 accessible_http
reid-duke-level-one-full-course 200 accessible_http
zvi-whos-the-beatdown-2-multitasking 200 accessible_http
pvddr-ten-commandments 404 broken_http
flores-whos-the-beatdown 200 accessible_http
karsten-london-mulligan 404 broken_http
lsv-mulligans 404 broken_http
pvddr-how-to-sideboard 404 broken_http
wizards-banned-restricted 200 accessible_http
boa-mtgo-getting-started 200 accessible_http
depraz-mtgo-stops 200 accessible_http
battle-chads-mtg-study-win-rates 200 accessible_http
pcm-15-avoir-un-plan 200 accessible_http
pcm-67-coherence-depraz 200 accessible_http
pcm-92-tourner-cartes 200 accessible_http
pcm-125-heuristiques 200 accessible_http
pcm-164-erwan-control 200 accessible_http
lsv-looter-problem-lost 404 broken_http
