
> manatuner@2.7.9 build:vercel
> node scripts/delivery-gate.mjs

[delivery gate] npm run lint

> manatuner@2.7.9 lint
> eslint src --ext .ts,.tsx --max-warnings=0

[delivery gate] npm run type-check

> manatuner@2.7.9 type-check
> tsc --noEmit

[delivery gate] npx vitest run src tests/component tests/math-audit --configLoader runner --no-cache

 RUN  v4.1.10 /Volumes/DataDisk/_Projects/Project Mana base V2


 Test Files  79 passed (79)
      Tests  801 passed (801)
   Start at  08:39:57
   Duration  8.95s (transform 3.41s, setup 4.43s, import 19.46s, tests 14.02s, environment 26.62s)

[delivery gate] node --test scripts/delivery-gate.test.mjs
[delivery gate] npm run lint
[delivery gate] npm run lint
[delivery gate] npm run type-check
[delivery gate] npm run lint
[delivery gate] npm run type-check
[delivery gate] npx vitest run src tests/component tests/math-audit --configLoader runner --no-cache
[delivery gate] npm run lint
[delivery gate] npm run type-check
[delivery gate] npx vitest run src tests/component tests/math-audit --configLoader runner --no-cache
[delivery gate] node --test scripts/delivery-gate.test.mjs
[delivery gate] npm run lint
[delivery gate] npm run type-check
[delivery gate] npx vitest run src tests/component tests/math-audit --configLoader runner --no-cache
[delivery gate] node --test scripts/delivery-gate.test.mjs
[delivery gate] npx vite build --outDir /Volumes/DataDisk/_Projects/Project Mana base V2/docs/engineering/reaudit-fixes-szrp1r9w/dist-03
[delivery gate] npm run lint
[delivery gate] npm run type-check
[delivery gate] npx vitest run src tests/component tests/math-audit --configLoader runner --no-cache
[delivery gate] node --test scripts/delivery-gate.test.mjs
[delivery gate] npx vite build --outDir /Volumes/DataDisk/_Projects/Project Mana base V2/docs/engineering/reaudit-fixes-szrp1r9w/dist-03
[delivery gate] node scripts/check-bundle-budget.mjs
[delivery gate] npm run lint
[delivery gate] npm run type-check
[delivery gate] npx vitest run src tests/component tests/math-audit --configLoader runner --no-cache
[delivery gate] node --test scripts/delivery-gate.test.mjs
[delivery gate] npx vite build --outDir /Volumes/DataDisk/_Projects/Project Mana base V2/docs/engineering/reaudit-fixes-szrp1r9w/dist-03
[delivery gate] node scripts/check-bundle-budget.mjs
[delivery gate] npm audit --audit-level=high
[delivery gate] npm run lint
[delivery gate] npm run type-check
[delivery gate] npx vitest run src tests/component tests/math-audit --configLoader runner --no-cache
[delivery gate] node --test scripts/delivery-gate.test.mjs
[delivery gate] npx vite build --outDir /Volumes/DataDisk/_Projects/Project Mana base V2/docs/engineering/reaudit-fixes-szrp1r9w/dist-03
[delivery gate] node scripts/check-bundle-budget.mjs
[delivery gate] npm audit --audit-level=high
[delivery gate] node scripts/prerender.mjs
[delivery gate] npm run lint
[delivery gate] npm run type-check
[delivery gate] npx vitest run src tests/component tests/math-audit --configLoader runner --no-cache
[delivery gate] node --test scripts/delivery-gate.test.mjs
[delivery gate] npx vite build --outDir /Volumes/DataDisk/_Projects/Project Mana base V2/docs/engineering/reaudit-fixes-szrp1r9w/dist-03
[delivery gate] node scripts/check-bundle-budget.mjs
[delivery gate] npm audit --audit-level=high
[delivery gate] node scripts/prerender.mjs
[delivery gate] npx playwright test --config=playwright.delivery.config.js --project=chromium
[delivery gate] npm run lint
[delivery gate] npm run lint
[delivery gate] npm run type-check
[delivery gate] npx vitest run src tests/component tests/math-audit --configLoader runner --no-cache
[delivery gate] node --test scripts/delivery-gate.test.mjs
[delivery gate] npx vite build --outDir /Volumes/DataDisk/_Projects/Project Mana base V2/docs/engineering/reaudit-fixes-szrp1r9w/dist-03
[delivery gate] node scripts/check-bundle-budget.mjs
[delivery gate] npm audit --audit-level=high
[delivery gate] node scripts/prerender.mjs
[delivery gate] npx playwright test --config=playwright.delivery.config.js --project=chromium
[delivery gate] All candidate checks passed; build may finish.
✔ every failing check prevents later build/publish readiness (1.96575ms)
✔ a killed check also blocks readiness (0.367666ms)
✔ successful checks run exactly once and in order (0.4005ms)
ℹ tests 3
ℹ suites 0
ℹ pass 3
ℹ fail 0
ℹ cancelled 0
ℹ skipped 0
ℹ todo 0
ℹ duration_ms 44.243375
[delivery gate] npx vite build --outDir /Volumes/DataDisk/_Projects/Project Mana base V2/docs/engineering/reaudit-fixes-szrp1r9w/dist-03
vite v7.3.6 building client environment for production...
transforming...
✓ 2517 modules transformed.
Circular chunk: vendor-mui -> vendor-redux -> vendor-mui. Please adjust the manual chunk logic for these chunks.
rendering chunks...
computing gzip size...
docs/engineering/reaudit-fixes-szrp1r9w/dist-03/assets/paymentPolicy.worker-BJ_r2YNs.js        9.39 kB
docs/engineering/reaudit-fixes-szrp1r9w/dist-03/index.html                                    12.74 kB │ gzip:   3.96 kB
docs/engineering/reaudit-fixes-szrp1r9w/dist-03/assets/mulliganArchetype.worker-BPK14lCK.js   13.93 kB
docs/engineering/reaudit-fixes-szrp1r9w/dist-03/assets/index-B402_fsG.css                     16.18 kB │ gzip:   4.11 kB
docs/engineering/reaudit-fixes-szrp1r9w/dist-03/assets/manaColors-CdHs3f_8.js                  0.42 kB │ gzip:   0.24 kB
docs/engineering/reaudit-fixes-szrp1r9w/dist-03/assets/FloatingManaSymbols-BHOF-h0e.js         1.20 kB │ gzip:   0.64 kB
docs/engineering/reaudit-fixes-szrp1r9w/dist-03/assets/CardImageTooltip-DDOtzoom.js            1.35 kB │ gzip:   0.70 kB
docs/engineering/reaudit-fixes-szrp1r9w/dist-03/assets/AuthorPage-CxigvFw8.js                  3.90 kB │ gzip:   1.78 kB
docs/engineering/reaudit-fixes-szrp1r9w/dist-03/assets/PrivacySettings-DhQ-KaGI.js             6.08 kB │ gzip:   2.51 kB
docs/engineering/reaudit-fixes-szrp1r9w/dist-03/assets/ArticleDetailPage-DzJ-LcaT.js           7.75 kB │ gzip:   2.93 kB
docs/engineering/reaudit-fixes-szrp1r9w/dist-03/assets/privacy-De2plahP.js                     8.19 kB │ gzip:   3.21 kB
docs/engineering/reaudit-fixes-szrp1r9w/dist-03/assets/EnhancedCharts-BFSBeAN7.js              8.44 kB │ gzip:   2.50 kB
docs/engineering/reaudit-fixes-szrp1r9w/dist-03/assets/AnalysisTab-MBwrdIae.js                 9.30 kB │ gzip:   3.05 kB
docs/engineering/reaudit-fixes-szrp1r9w/dist-03/assets/StaticPages-s5lhJxAQ.js                12.32 kB │ gzip:   4.40 kB
docs/engineering/reaudit-fixes-szrp1r9w/dist-03/assets/EnhancedSpellAnalysis-ROU0uyqY.js      13.15 kB │ gzip:   3.91 kB
docs/engineering/reaudit-fixes-szrp1r9w/dist-03/assets/useLibraryProgress-D4UjdW5e.js         13.35 kB │ gzip:   5.27 kB
docs/engineering/reaudit-fixes-szrp1r9w/dist-03/assets/LandGlossaryPage-C6cI57xV.js           13.70 kB │ gzip:   5.12 kB
docs/engineering/reaudit-fixes-szrp1r9w/dist-03/assets/ManabaseFullTab-CbsagiZy.js            13.77 kB │ gzip:   4.84 kB
docs/engineering/reaudit-fixes-szrp1r9w/dist-03/assets/ManaBlueprint-D2vFGnv_.js              17.84 kB │ gzip:   5.74 kB
docs/engineering/reaudit-fixes-szrp1r9w/dist-03/assets/MyAnalysesPage-D99A5UWI.js             22.16 kB │ gzip:   6.87 kB
docs/engineering/reaudit-fixes-szrp1r9w/dist-03/assets/MulliganTab-Dl2fHPY1.js                26.28 kB │ gzip:   8.75 kB
docs/engineering/reaudit-fixes-szrp1r9w/dist-03/assets/MathematicsPage-Cthr5hOI.js            26.83 kB │ gzip:   7.58 kB
docs/engineering/reaudit-fixes-szrp1r9w/dist-03/assets/GuidePage-DG91cwX4.js                  27.71 kB │ gzip:   8.52 kB
docs/engineering/reaudit-fixes-szrp1r9w/dist-03/assets/ReferenceArticlesPage-DZmRlCwQ.js      28.20 kB │ gzip:   8.37 kB
docs/engineering/reaudit-fixes-szrp1r9w/dist-03/assets/purify.es-Ktofpjop.js                  28.68 kB │ gzip:  10.96 kB
docs/engineering/reaudit-fixes-szrp1r9w/dist-03/assets/vendor-mui-icons-qlCXnTuD.js           37.33 kB │ gzip:  11.34 kB
docs/engineering/reaudit-fixes-szrp1r9w/dist-03/assets/PaymentPolicyPanel-C8okdHIe.js         44.15 kB │ gzip:   6.35 kB
docs/engineering/reaudit-fixes-szrp1r9w/dist-03/assets/vendor-redux-75R2jQVp.js               46.95 kB │ gzip:  15.76 kB
docs/engineering/reaudit-fixes-szrp1r9w/dist-03/assets/CastabilityTab-Bt8PQZMZ.js             70.82 kB │ gzip:  18.90 kB
docs/engineering/reaudit-fixes-szrp1r9w/dist-03/assets/Onboarding-Dp-tN27a.js                101.80 kB │ gzip:  31.58 kB
docs/engineering/reaudit-fixes-szrp1r9w/dist-03/assets/AnalyzerPage-JRlsKb-4.js              135.46 kB │ gzip:  37.71 kB
docs/engineering/reaudit-fixes-szrp1r9w/dist-03/assets/index.es-DjSM56qC.js                  157.96 kB │ gzip:  52.59 kB
docs/engineering/reaudit-fixes-szrp1r9w/dist-03/assets/vendor-react-YPwVjS-F.js              191.95 kB │ gzip:  62.92 kB
docs/engineering/reaudit-fixes-szrp1r9w/dist-03/assets/html2canvas.esm-DmLBsbfV.js           200.54 kB │ gzip:  46.94 kB
docs/engineering/reaudit-fixes-szrp1r9w/dist-03/assets/index-ChxEHWm4.js                     206.24 kB │ gzip:  58.75 kB
docs/engineering/reaudit-fixes-szrp1r9w/dist-03/assets/vendor-mui-DIfVggoO.js                370.12 kB │ gzip: 111.39 kB
docs/engineering/reaudit-fixes-szrp1r9w/dist-03/assets/jspdf.es.min-SPWfrMwg.js              385.89 kB │ gzip: 124.85 kB
docs/engineering/reaudit-fixes-szrp1r9w/dist-03/assets/vendor-charts-clH8u0qK.js             419.29 kB │ gzip: 112.37 kB
✓ built in 2.95s
[delivery gate] node scripts/check-bundle-budget.mjs
Bundle budget check (QW3)
     409.5 KB  vendor-charts-clH8u0qK.js
     376.8 KB  jspdf.es.min-SPWfrMwg.js
     361.4 KB  vendor-mui-DIfVggoO.js
     201.4 KB  index-ChxEHWm4.js
     195.8 KB  html2canvas.esm-DmLBsbfV.js
     187.5 KB  vendor-react-YPwVjS-F.js
     154.3 KB  index.es-DjSM56qC.js
     132.3 KB  AnalyzerPage-JRlsKb-4.js
      99.4 KB  Onboarding-Dp-tN27a.js
      69.2 KB  CastabilityTab-Bt8PQZMZ.js
      45.9 KB  vendor-redux-75R2jQVp.js
      43.1 KB  PaymentPolicyPanel-C8okdHIe.js
      36.5 KB  vendor-mui-icons-qlCXnTuD.js
      28.0 KB  purify.es-Ktofpjop.js
      27.5 KB  ReferenceArticlesPage-DZmRlCwQ.js

OK — all budgets within limits
[delivery gate] npm audit --audit-level=high
# npm audit report

@vitest/mocker  2.1.0 - 4.1.10
Severity: moderate
Vitest: Path Traversal / Arbitrary File Read via @vitest/mocker Redirect Mock - https://github.com/advisories/GHSA-82fw-gwwq-j7x9
fix available via `npm audit fix`
node_modules/@vitest/mocker
  vitest  2.1.0-beta.1 - 4.1.10
  Depends on vulnerable versions of @vitest/coverage-v8
  Depends on vulnerable versions of @vitest/mocker
  Depends on vulnerable versions of @vitest/ui
  node_modules/vitest
    @vitest/coverage-v8  2.1.0-beta.1 - 4.1.10
    Depends on vulnerable versions of vitest
    node_modules/@vitest/coverage-v8
    @vitest/ui  2.1.0-beta.1 - 4.1.10
    Depends on vulnerable versions of vitest
    node_modules/@vitest/ui


4 moderate severity vulnerabilities

To address all issues, run:
  npm audit fix
[delivery gate] node scripts/prerender.mjs

--- Prerendering ManaTuner ---

Routes: 9 static + 65 articles + 27 authors = 101 total
Concurrency: 4 · timeout: 20000ms
Starting preview server...
Preview server running at http://127.0.0.1:4174
  Rendering /analyzer ...  Rendering /mathematics ...  Rendering / ...  Rendering /guide ... -> docs/engineering/reaudit-fixes-szrp1r9w/dist-03/index.html
 -> docs/engineering/reaudit-fixes-szrp1r9w/dist-03/mathematics/index.html
 -> docs/engineering/reaudit-fixes-szrp1r9w/dist-03/analyzer/index.html
 -> docs/engineering/reaudit-fixes-szrp1r9w/dist-03/guide/index.html
  Rendering /land-glossary ...  Rendering /about ...  Rendering /privacy ...  Rendering /library ... -> docs/engineering/reaudit-fixes-szrp1r9w/dist-03/about/index.html
 -> docs/engineering/reaudit-fixes-szrp1r9w/dist-03/land-glossary/index.html
 -> docs/engineering/reaudit-fixes-szrp1r9w/dist-03/privacy/index.html
  Rendering /my-analyses ...  Rendering /library/karsten-how-many-lands-2022 ...  Rendering /library/reid-duke-level-one-building-a-deck ... -> docs/engineering/reaudit-fixes-szrp1r9w/dist-03/my-analyses/index.html
 -> docs/engineering/reaudit-fixes-szrp1r9w/dist-03/library/karsten-how-many-lands-2022/index.html
 -> docs/engineering/reaudit-fixes-szrp1r9w/dist-03/library/reid-duke-level-one-building-a-deck/index.html
  Rendering /library/kuisma-beat-bad-luck ... -> docs/engineering/reaudit-fixes-szrp1r9w/dist-03/library/index.html
  Rendering /library/chapin-art-of-mulligan ...  Rendering /library/saito-part-2-having-fun ...  Rendering /library/reid-duke-level-one-mulligans ... -> docs/engineering/reaudit-fixes-szrp1r9w/dist-03/library/kuisma-beat-bad-luck/index.html
 -> docs/engineering/reaudit-fixes-szrp1r9w/dist-03/library/chapin-art-of-mulligan/index.html
 -> docs/engineering/reaudit-fixes-szrp1r9w/dist-03/library/saito-part-2-having-fun/index.html
  Rendering /library/reid-duke-level-one-sequencing ... -> docs/engineering/reaudit-fixes-szrp1r9w/dist-03/library/reid-duke-level-one-mulligans/index.html
  Rendering /library/pvddr-6-heuristics ...  Rendering /library/manfield-prepare-tournament ...  Rendering /library/reid-duke-level-one-sideboarding ... -> docs/engineering/reaudit-fixes-szrp1r9w/dist-03/library/reid-duke-level-one-sequencing/index.html
 -> docs/engineering/reaudit-fixes-szrp1r9w/dist-03/library/pvddr-6-heuristics/index.html
 -> docs/engineering/reaudit-fixes-szrp1r9w/dist-03/library/manfield-prepare-tournament/index.html
  Rendering /library/reid-duke-level-one-sideboard-plans ...  Rendering /library/reid-duke-mulligans-part-iii-constructed ...  Rendering /library/pvddr-one-mistake-archive ... -> docs/engineering/reaudit-fixes-szrp1r9w/dist-03/library/reid-duke-level-one-sideboarding/index.html
  Rendering /library/fortier-ladder-series ... -> docs/engineering/reaudit-fixes-szrp1r9w/dist-03/library/reid-duke-level-one-sideboard-plans/index.html
 -> docs/engineering/reaudit-fixes-szrp1r9w/dist-03/library/reid-duke-mulligans-part-iii-constructed/index.html
  Rendering /library/zvi-using-time-wisely ... -> docs/engineering/reaudit-fixes-szrp1r9w/dist-03/library/pvddr-one-mistake-archive/index.html
  Rendering /library/pvddr-when-to-mulligan ... -> docs/engineering/reaudit-fixes-szrp1r9w/dist-03/library/fortier-ladder-series/index.html
  Rendering /library/saito-part-1-concentration ...  Rendering /library/fortier-dash-method ... -> docs/engineering/reaudit-fixes-szrp1r9w/dist-03/library/zvi-using-time-wisely/index.html
 -> docs/engineering/reaudit-fixes-szrp1r9w/dist-03/library/pvddr-when-to-mulligan/index.html
  Rendering /library/dagen-puzzling-improvements ... -> docs/engineering/reaudit-fixes-szrp1r9w/dist-03/library/saito-part-1-concentration/index.html
  Rendering /library/moudou-game-theory-series ... -> docs/engineering/reaudit-fixes-szrp1r9w/dist-03/library/fortier-dash-method/index.html
  Rendering /library/chapin-61-cards-russian-roulette ...  Rendering /library/yahi-maths-inventory ... -> docs/engineering/reaudit-fixes-szrp1r9w/dist-03/library/dagen-puzzling-improvements/index.html
 -> docs/engineering/reaudit-fixes-szrp1r9w/dist-03/library/moudou-game-theory-series/index.html
  Rendering /library/pvddr-best-vs-known ...  Rendering /library/chapin-information-cascades ... -> docs/engineering/reaudit-fixes-szrp1r9w/dist-03/library/chapin-61-cards-russian-roulette/index.html
 -> docs/engineering/reaudit-fixes-szrp1r9w/dist-03/library/yahi-maths-inventory/index.html
  Rendering /library/zvi-elephant-method ...  Rendering /library/saito-part-3-environment ... -> docs/engineering/reaudit-fixes-szrp1r9w/dist-03/library/pvddr-best-vs-known/index.html
 -> docs/engineering/reaudit-fixes-szrp1r9w/dist-03/library/chapin-information-cascades/index.html
  Rendering /library/saito-part-4-metagame ...  Rendering /library/saito-part-5-connections ... -> docs/engineering/reaudit-fixes-szrp1r9w/dist-03/library/zvi-elephant-method/index.html
 -> docs/engineering/reaudit-fixes-szrp1r9w/dist-03/library/saito-part-3-environment/index.html
  Rendering /library/saito-part-7-other-lessons ... -> docs/engineering/reaudit-fixes-szrp1r9w/dist-03/library/saito-part-4-metagame/index.html
  Rendering /library/pvddr-pv-rule ... -> docs/engineering/reaudit-fixes-szrp1r9w/dist-03/library/saito-part-5-connections/index.html
  Rendering /library/karsten-colored-sources-2022 ...  Rendering /library/karsten-hypergeometric-intro ... -> docs/engineering/reaudit-fixes-szrp1r9w/dist-03/library/saito-part-7-other-lessons/index.html
 -> docs/engineering/reaudit-fixes-szrp1r9w/dist-03/library/pvddr-pv-rule/index.html
  Rendering /library/karsten-colored-sources-2018-archive ...  Rendering /library/karsten-commander-manabase ... -> docs/engineering/reaudit-fixes-szrp1r9w/dist-03/library/karsten-colored-sources-2022/index.html
 -> docs/engineering/reaudit-fixes-szrp1r9w/dist-03/library/karsten-hypergeometric-intro/index.html
  Rendering /library/wizards-commander-brackets-2024 ...  Rendering /library/command-zone-podcast ... -> docs/engineering/reaudit-fixes-szrp1r9w/dist-03/library/karsten-colored-sources-2018-archive/index.html
 -> docs/engineering/reaudit-fixes-szrp1r9w/dist-03/library/karsten-commander-manabase/index.html
  Rendering /library/game-knights-command-zone-studios ... -> docs/engineering/reaudit-fixes-szrp1r9w/dist-03/library/wizards-commander-brackets-2024/index.html
  Rendering /library/edhrec-articles-hub ... -> docs/engineering/reaudit-fixes-szrp1r9w/dist-03/library/command-zone-podcast/index.html
  Rendering /library/limited-resources-podcast ...  Rendering /library/seventeen-lands-blog ... -> docs/engineering/reaudit-fixes-szrp1r9w/dist-03/library/game-knights-command-zone-studios/index.html
 -> docs/engineering/reaudit-fixes-szrp1r9w/dist-03/library/edhrec-articles-hub/index.html
 -> docs/engineering/reaudit-fixes-szrp1r9w/dist-03/library/limited-resources-podcast/index.html
  Rendering /library/lsv-draft-signals-classic ...  Rendering /library/reid-duke-signals-booster-draft ... -> docs/engineering/reaudit-fixes-szrp1r9w/dist-03/library/seventeen-lands-blog/index.html
  Rendering /library/reid-duke-sideboarding-limited ...  Rendering /library/reid-duke-mulligans-part-ii-limited ... -> docs/engineering/reaudit-fixes-szrp1r9w/dist-03/library/lsv-draft-signals-classic/index.html
 -> docs/engineering/reaudit-fixes-szrp1r9w/dist-03/library/reid-duke-signals-booster-draft/index.html
 -> docs/engineering/reaudit-fixes-szrp1r9w/dist-03/library/reid-duke-sideboarding-limited/index.html
 -> docs/engineering/reaudit-fixes-szrp1r9w/dist-03/library/reid-duke-mulligans-part-ii-limited/index.html
  Rendering /library/chapin-next-level-deckbuilding ...  Rendering /library/reid-duke-level-one-play-or-draw ...  Rendering /library/reid-duke-level-one-role-assignment ...  Rendering /library/chapin-next-level-magic-tempo ... -> docs/engineering/reaudit-fixes-szrp1r9w/dist-03/library/chapin-next-level-deckbuilding/index.html
 -> docs/engineering/reaudit-fixes-szrp1r9w/dist-03/library/reid-duke-level-one-play-or-draw/index.html
 -> docs/engineering/reaudit-fixes-szrp1r9w/dist-03/library/reid-duke-level-one-role-assignment/index.html
  Rendering /library/reid-duke-level-one-full-course ... -> docs/engineering/reaudit-fixes-szrp1r9w/dist-03/library/chapin-next-level-magic-tempo/index.html
  Rendering /library/zvi-whos-the-beatdown-2-multitasking ...  Rendering /library/pvddr-ten-commandments ...  Rendering /library/flores-whos-the-beatdown ... -> docs/engineering/reaudit-fixes-szrp1r9w/dist-03/library/reid-duke-level-one-full-course/index.html
 -> docs/engineering/reaudit-fixes-szrp1r9w/dist-03/library/zvi-whos-the-beatdown-2-multitasking/index.html
 -> docs/engineering/reaudit-fixes-szrp1r9w/dist-03/library/pvddr-ten-commandments/index.html
 -> docs/engineering/reaudit-fixes-szrp1r9w/dist-03/library/flores-whos-the-beatdown/index.html
  Rendering /library/karsten-london-mulligan ...  Rendering /library/lsv-mulligans ...  Rendering /library/wizards-banned-restricted ...  Rendering /library/pvddr-how-to-sideboard ... -> docs/engineering/reaudit-fixes-szrp1r9w/dist-03/library/lsv-mulligans/index.html
 -> docs/engineering/reaudit-fixes-szrp1r9w/dist-03/library/wizards-banned-restricted/index.html
 -> docs/engineering/reaudit-fixes-szrp1r9w/dist-03/library/karsten-london-mulligan/index.html
  Rendering /library/boa-mtgo-getting-started ... -> docs/engineering/reaudit-fixes-szrp1r9w/dist-03/library/pvddr-how-to-sideboard/index.html
  Rendering /library/depraz-mtgo-stops ...  Rendering /library/battle-chads-mtg-study-win-rates ...  Rendering /library/pcm-15-avoir-un-plan ... -> docs/engineering/reaudit-fixes-szrp1r9w/dist-03/library/boa-mtgo-getting-started/index.html
 -> docs/engineering/reaudit-fixes-szrp1r9w/dist-03/library/depraz-mtgo-stops/index.html
  Rendering /library/pcm-67-coherence-depraz ... -> docs/engineering/reaudit-fixes-szrp1r9w/dist-03/library/battle-chads-mtg-study-win-rates/index.html
 -> docs/engineering/reaudit-fixes-szrp1r9w/dist-03/library/pcm-15-avoir-un-plan/index.html
  Rendering /library/pcm-92-tourner-cartes ...  Rendering /library/pcm-125-heuristiques ...  Rendering /library/pcm-164-erwan-control ... -> docs/engineering/reaudit-fixes-szrp1r9w/dist-03/library/pcm-67-coherence-depraz/index.html
 -> docs/engineering/reaudit-fixes-szrp1r9w/dist-03/library/pcm-92-tourner-cartes/index.html
 -> docs/engineering/reaudit-fixes-szrp1r9w/dist-03/library/pcm-125-heuristiques/index.html
  Rendering /library/lsv-looter-problem-lost ...  Rendering /library/author/reid-duke ...  Rendering /library/author/frank-karsten ... -> docs/engineering/reaudit-fixes-szrp1r9w/dist-03/library/pcm-164-erwan-control/index.html
  Rendering /library/author/matti-kuisma ... -> docs/engineering/reaudit-fixes-szrp1r9w/dist-03/library/lsv-looter-problem-lost/index.html
 -> docs/engineering/reaudit-fixes-szrp1r9w/dist-03/library/author/reid-duke/index.html
 -> docs/engineering/reaudit-fixes-szrp1r9w/dist-03/library/author/frank-karsten/index.html
  Rendering /library/author/patrick-chapin ...  Rendering /library/author/tomoharu-saito ... -> docs/engineering/reaudit-fixes-szrp1r9w/dist-03/library/author/matti-kuisma/index.html
  Rendering /library/author/paulo-vitor-damo-da-rosa ...  Rendering /library/author/seth-manfield ... -> docs/engineering/reaudit-fixes-szrp1r9w/dist-03/library/author/patrick-chapin/index.html
 -> docs/engineering/reaudit-fixes-szrp1r9w/dist-03/library/author/paulo-vitor-damo-da-rosa/index.html
 -> docs/engineering/reaudit-fixes-szrp1r9w/dist-03/library/author/tomoharu-saito/index.html
 -> docs/engineering/reaudit-fixes-szrp1r9w/dist-03/library/author/seth-manfield/index.html
  Rendering /library/author/remi-fortier ...  Rendering /library/author/zvi-mowshowitz ...  Rendering /library/author/moudou ...  Rendering /library/author/pierre-dagen ... -> docs/engineering/reaudit-fixes-szrp1r9w/dist-03/library/author/remi-fortier/index.html
 -> docs/engineering/reaudit-fixes-szrp1r9w/dist-03/library/author/zvi-mowshowitz/index.html
 -> docs/engineering/reaudit-fixes-szrp1r9w/dist-03/library/author/moudou/index.html
 -> docs/engineering/reaudit-fixes-szrp1r9w/dist-03/library/author/pierre-dagen/index.html
  Rendering /library/author/anael-yahi ...  Rendering /library/author/gavin-verhey-wizards-of-the-coast ...  Rendering /library/author/jimmy-wong-josh-lee-kwai ...  Rendering /library/author/josh-lee-kwai-jimmy-wong ... -> docs/engineering/reaudit-fixes-szrp1r9w/dist-03/library/author/anael-yahi/index.html
 -> docs/engineering/reaudit-fixes-szrp1r9w/dist-03/library/author/gavin-verhey-wizards-of-the-coast/index.html
 -> docs/engineering/reaudit-fixes-szrp1r9w/dist-03/library/author/jimmy-wong-josh-lee-kwai/index.html
 -> docs/engineering/reaudit-fixes-szrp1r9w/dist-03/library/author/josh-lee-kwai-jimmy-wong/index.html
  Rendering /library/author/marshall-sutcliffe-luis-scott-vargas ...  Rendering /library/author/edhrec-staff-contributors ...  Rendering /library/author/17lands-team ...  Rendering /library/author/luis-scott-vargas ... -> docs/engineering/reaudit-fixes-szrp1r9w/dist-03/library/author/edhrec-staff-contributors/index.html
 -> docs/engineering/reaudit-fixes-szrp1r9w/dist-03/library/author/marshall-sutcliffe-luis-scott-vargas/index.html
 -> docs/engineering/reaudit-fixes-szrp1r9w/dist-03/library/author/17lands-team/index.html
 -> docs/engineering/reaudit-fixes-szrp1r9w/dist-03/library/author/luis-scott-vargas/index.html
  Rendering /library/author/mike-flores ...  Rendering /library/author/wizards-of-the-coast ...  Rendering /library/author/el-gran-boa ...  Rendering /library/author/jean-emmanuel-depraz ... -> docs/engineering/reaudit-fixes-szrp1r9w/dist-03/library/author/mike-flores/index.html
 -> docs/engineering/reaudit-fixes-szrp1r9w/dist-03/library/author/wizards-of-the-coast/index.html
 -> docs/engineering/reaudit-fixes-szrp1r9w/dist-03/library/author/el-gran-boa/index.html
 -> docs/engineering/reaudit-fixes-szrp1r9w/dist-03/library/author/jean-emmanuel-depraz/index.html
  Rendering /library/author/battle-chads-with-eduardo-sajgalik-sahar-mirhadi ...  Rendering /library/author/charles-wickham-theau-mery ...  Rendering /library/author/charles-wickham-theau-mery-jean-emmanuel-depraz ...  Rendering /library/author/theau-mery-erwan-maisonneuve ... -> docs/engineering/reaudit-fixes-szrp1r9w/dist-03/library/author/battle-chads-with-eduardo-sajgalik-sahar-mirhadi/index.html
 -> docs/engineering/reaudit-fixes-szrp1r9w/dist-03/library/author/charles-wickham-theau-mery/index.html
 -> docs/engineering/reaudit-fixes-szrp1r9w/dist-03/library/author/charles-wickham-theau-mery-jean-emmanuel-depraz/index.html
 -> docs/engineering/reaudit-fixes-szrp1r9w/dist-03/library/author/theau-mery-erwan-maisonneuve/index.html

Prerender complete: 101 succeeded, 0 failed
---

HTML contract passed: 101 public routes, unique metadata, local assets and noindex 404. Vercel serves unmatched static paths with 404.html; local preview is not evidence of deployed routing.
[delivery gate] npx playwright test --config=playwright.delivery.config.js --project=chromium
[WebServer] (node:89610) Warning: The 'NO_COLOR' env is ignored due to the 'FORCE_COLOR' env being set.
[WebServer] (Use `node --trace-warnings ...` to show where the warning was created)


Running 16 tests using 1 worker

(node:89618) Warning: The 'NO_COLOR' env is ignored due to the 'FORCE_COLOR' env being set.
(Use `node --trace-warnings ...` to show where the warning was created)


[1/16] [chromium] › tests/e2e/accessibility/a11y.spec.js:28:7 › Accessibility smoke (EN) › Home page — axe critical/serious clear
[2/16] [chromium] › tests/e2e/accessibility/a11y.spec.js:38:7 › Accessibility smoke (EN) › Analyzer empty — axe critical/serious clear
[3/16] [chromium] › tests/e2e/accessibility/a11y.spec.js:51:7 › Accessibility smoke (EN) › Analyzer with fixed card metadata — no critical/serious axe
[4/16] [chromium] › tests/e2e/accessibility/a11y.spec.js:71:7 › Accessibility smoke (EN) › Analyzer navigation is unique in the active desktop or mobile menu
[5/16] [chromium] › tests/e2e/accessibility/a11y.spec.js:87:7 › Accessibility smoke (EN) › Keyboard: tab reaches primary actions on home
[6/16] [chromium] › tests/e2e/accessibility/a11y.spec.js:98:7 › Accessibility smoke (EN) › Footer contrast text is readable (grey.800 / grey.300)
[7/16] [chromium] › tests/e2e/accessibility/a11y.spec.js:111:7 › Accessibility smoke (EN) › Home hero shows product preview (P2-2)
[8/16] [chromium] › tests/e2e/accessibility/a11y.spec.js:117:7 › Accessibility smoke (EN) › Analyzer primary buttons use text + icons (no emoji-only)
[9/16] [chromium] › tests/e2e/accessibility/a11y.spec.js:127:7 › Accessibility smoke (EN) › After analyze, focus lands on Health Score verdict (P2-11)
[10/16] [chromium] › tests/e2e/accessibility/edit-deck-keyboard.spec.js:12:7 › Edit Deck restores content and focus with Enter at 1440px
[11/16] [chromium] › tests/e2e/accessibility/edit-deck-keyboard.spec.js:12:7 › Edit Deck restores content and focus with Space at 768px
[12/16] [chromium] › tests/e2e/accessibility/edit-deck-keyboard.spec.js:12:7 › Edit Deck restores content and focus with pointer at 360px
[13/16] [chromium] › tests/e2e/accessibility/edit-deck-keyboard.spec.js:12:7 › Edit Deck restores content and focus with touch at 360px
[14/16] [chromium] › tests/e2e/delivery/html-contract.spec.js:4:5 › initial HTTP content, 404, asset and direct analyzer reload
[15/16] [chromium] › tests/e2e/delivery/html-contract.spec.js:40:5 › direct analyzer query and reload mount the candidate chunks
[16/16] [chromium] › tests/e2e/delivery/html-contract.spec.js:50:5 › contrast checker detects a real footer regression
  16 passed (19.1s)
[delivery gate] All candidate checks passed; build may finish.
