[WebServer] (node:92817) Warning: The 'NO_COLOR' env is ignored due to the 'FORCE_COLOR' env being set.
[WebServer] (Use `node --trace-warnings ...` to show where the warning was created)


Running 23 tests using 1 worker

(node:92822) Warning: The 'NO_COLOR' env is ignored due to the 'FORCE_COLOR' env being set.
(Use `node --trace-warnings ...` to show where the warning was created)


[1/23] [chromium] › tests/e2e/core-flows/persona-followup.spec.js:54:5 › T04 home exact example starts supported and agrees with independent opening-hand oracle
[2/23] [chromium] › tests/e2e/core-flows/persona-followup.spec.js:73:5 › T07 JSON and CSV retain deck identity, totals, engine and score definitions
[3/23] [chromium] › tests/e2e/core-flows/persona-followup.spec.js:110:5 › T07 real clipboard share opens in a separate clean browser context
[4/23] [chromium] › tests/e2e/core-flows/persona-followup.spec.js:145:7 › T08 exact example keyboard and viewport 360 in light and dark themes
[5/23] [chromium] › tests/e2e/core-flows/persona-followup.spec.js:145:7 › T08 exact example keyboard and viewport 390 in light and dark themes
[6/23] [chromium] › tests/e2e/core-flows/persona-followup.spec.js:145:7 › T08 exact example keyboard and viewport 768 in light and dark themes
[7/23] [chromium] › tests/e2e/core-flows/persona-followup.spec.js:145:7 › T08 exact example keyboard and viewport 1440 in light and dark themes
[8/23] [chromium] › tests/e2e/core-flows/persona-followup.spec.js:208:5 › T03 real midrange persists explicit unsupported reasons across reload
[9/23] [chromium] › tests/e2e/core-flows/persona-followup.spec.js:229:5 › T03 compatible 24 and 20 Plains builds compare actual saved probabilities
[10/23] [chromium] › tests/e2e/core-flows/persona-followup.spec.js:277:5 › T05 multiplayer control exposes the free redraw contract and toggles without simulation
[11/23] [chromium] › tests/e2e/core-flows/persona-followup.spec.js:295:5 › T04/T07 public Atraxa example keeps 99 plus commander, four colors, EDH horizon and CSV zones
[12/23] [chromium] › tests/e2e/core-flows/persona-followup.spec.js:342:5 › T05 real 3k worker distinguishes free and paid mulligan results and guidance
[13/23] [chromium] › tests/e2e/core-flows/persona-followup.spec.js:395:5 › R03 identical saved builds show equality without an unavailable result
[14/23] [chromium] › tests/e2e/core-flows/persona-followup.spec.js:411:5 › R03 unsupported midrange groups shared reasons and keeps spell details accessible
[15/23] [chromium] › tests/e2e/core-flows/persona-followup.spec.js:444:5 › R03/R05 synthetic snapshot boundary keeps zero distinct from unavailable
[16/23] [chromium] › tests/e2e/core-flows/persona-followup.spec.js:475:9 › R01–R07 /mathematics keyboard, contrast, themes and viewport 390
[17/23] [chromium] › tests/e2e/core-flows/persona-followup.spec.js:475:9 › R01–R07 /guide keyboard, contrast, themes and viewport 390
[18/23] [chromium] › tests/e2e/core-flows/persona-followup.spec.js:475:9 › R01–R07 /library keyboard, contrast, themes and viewport 390
[19/23] [chromium] › tests/e2e/core-flows/persona-followup.spec.js:475:9 › R01–R07 /my-analyses keyboard, contrast, themes and viewport 390
[20/23] [chromium] › tests/e2e/core-flows/persona-followup.spec.js:475:9 › R01–R07 /mathematics keyboard, contrast, themes and viewport 1440
[21/23] [chromium] › tests/e2e/core-flows/persona-followup.spec.js:475:9 › R01–R07 /guide keyboard, contrast, themes and viewport 1440
[22/23] [chromium] › tests/e2e/core-flows/persona-followup.spec.js:475:9 › R01–R07 /library keyboard, contrast, themes and viewport 1440
[23/23] [chromium] › tests/e2e/core-flows/persona-followup.spec.js:475:9 › R01–R07 /my-analyses keyboard, contrast, themes and viewport 1440
  23 passed (1.4m)
