
 RUN  v4.1.10 /Volumes/DataDisk/_Projects/Project Mana base V2

 ❯ src/components/analyzer/__tests__/DeckInputSection.keyboard.test.tsx (3 tests | 3 failed) 72ms
     × opens once through a named button and preserves the focused draft 53ms
     × opens once through a named button and preserves the focused draft 10ms
     × opens once through a named button and preserves the focused draft 8ms

⎯⎯⎯⎯⎯⎯⎯ Failed Tests 3 ⎯⎯⎯⎯⎯⎯⎯

 FAIL  src/components/analyzer/__tests__/DeckInputSection.keyboard.test.tsx > standalone compact editor ({Enter}) > opens once through a named button and preserves the focused draft
 FAIL  src/components/analyzer/__tests__/DeckInputSection.keyboard.test.tsx > standalone compact editor ( ) > opens once through a named button and preserves the focused draft
 FAIL  src/components/analyzer/__tests__/DeckInputSection.keyboard.test.tsx > standalone compact editor (pointer) > opens once through a named button and preserves the focused draft
TestingLibraryElementError: Unable to find an accessible element with the role "button" and name "Edit Deck"

Here are the accessible roles:

  heading:

  Name "Your Deck (Click to expand)":
  [36m<h5[39m
    [33mclass[39m=[32m"MuiTypography-root MuiTypography-h5 MuiTypography-gutterBottom css-1kqaao6-MuiTypography-root"[39m
  [36m/>[39m

  --------------------------------------------------
  paragraph:

  Name "":
  [36m<p[39m
    [33mclass[39m=[32m"MuiTypography-root MuiTypography-body2 css-r40f8v-MuiTypography-root"[39m
  [36m/>[39m

  --------------------------------------------------

Ignored nodes: comments, script, style
[36m<body>[39m
  [36m<div>[39m
    [36m<div[39m
      [33mclass[39m=[32m"MuiPaper-root MuiPaper-elevation MuiPaper-rounded MuiPaper-elevation1 css-1o8xrbu-MuiPaper-root"[39m
    [36m>[39m
      [36m<h5[39m
        [33mclass[39m=[32m"MuiTypography-root MuiTypography-h5 MuiTypography-gutterBottom css-1kqaao6-MuiTypography-root"[39m
      [36m>[39m
        [36m<svg[39m
          [33maria-hidden[39m=[32m"true"[39m
          [33mclass[39m=[32m"MuiSvgIcon-root MuiSvgIcon-colorAction MuiSvgIcon-fontSizeSmall css-ltyecm-MuiSvgIcon-root"[39m
          [33mdata-testid[39m=[32m"DescriptionOutlinedIcon"[39m
          [33mfocusable[39m=[32m"false"[39m
          [33mviewBox[39m=[32m"0 0 24 24"[39m
        [36m>[39m
          [36m<path[39m
            [33md[39m=[32m"M8 16h8v2H8zm0-4h8v2H8zm6-10H6c-1.1 0-2 .9-2 2v16c0 1.1.89 2 1.99 2H18c1.1 0 2-.9 2-2V8zm4 18H6V4h7v5h5z"[39m
          [36m/>[39m
        [36m</svg>[39m
        [0mYour Deck [0m
        [0m(Click to expand)[0m
      [36m</h5>[39m
      [36m<div[39m
        [33mclass[39m=[32m"MuiBox-root css-1tsvqjq"[39m
      [36m>[39m
        [36m<p[39m
          [33mclass[39m=[32m"MuiTypography-root MuiTypography-body2 css-r40f8v-MuiTypography-root"[39m
        [36m>[39m
          [0m60[0m
          [0m cards • [0m
          [0m24[0m
          [0m lands[0m
        [36m</p>[39m
        [36m<span[39m
          [33mclass[39m=[32m"MuiTypography-root MuiTypography-caption css-ol7wxs-MuiTypography-root"[39m
        [36m>[39m
          [0mClick to expand deck editor[0m
        [36m</span>[39m
      [36m</div>[39m
    [36m</div>[39m
  [36m</div>[39m
[36m</body>[39m
 ❯ Object.getElementError node_modules/@testing-library/dom/dist/config.js:37:19
 ❯ node_modules/@testing-library/dom/dist/query-helpers.js:76:38
 ❯ node_modules/@testing-library/dom/dist/query-helpers.js:52:17
 ❯ node_modules/@testing-library/dom/dist/query-helpers.js:95:19
 ❯ src/components/analyzer/__tests__/DeckInputSection.keyboard.test.tsx:26:29
     24|       render(<Harness />)
     25|       await user.tab()
     26|       const button = screen.getByRole('button', { name: 'Edit Deck' })
       |                             ^
     27|       expect(document.activeElement).toBe(button)
     28|       expect(button.getAttribute('aria-expanded')).toBe('false')

⎯⎯⎯⎯⎯⎯⎯⎯⎯⎯⎯⎯⎯⎯⎯⎯⎯⎯⎯⎯⎯⎯⎯⎯[1/3]⎯


 Test Files  1 failed (1)
      Tests  3 failed (3)
   Start at  11:44:11
   Duration  750ms (transform 45ms, setup 30ms, import 417ms, tests 72ms, environment 153ms)

