
 RUN  v4.1.10 /Volumes/DataDisk/_Projects/Project Mana base V2

stdout | tests/math-audit/goldfish-taplands.test.ts
[LandCacheService] Preloaded 264 lands from seed
[LandService] Initialized with seed data

 ❯ tests/math-audit/goldfish-taplands.test.ts (6 tests | 1 failed) 7ms
   × Scryfall modern wording is parsed as tapped before exact payment 4ms

⎯⎯⎯⎯⎯⎯⎯ Failed Tests 1 ⎯⎯⎯⎯⎯⎯⎯

 FAIL  tests/math-audit/goldfish-taplands.test.ts > Scryfall modern wording is parsed as tapped before exact payment
AssertionError: expected 'always_untapped' to be 'always_tapped' // Object.is equality

Expected: "always_tapped"
Received: "always_untapped"

 ❯ tests/math-audit/goldfish-taplands.test.ts:58:38
     56|   try {
     57|     const parsed = await landService.detectLand(card.name)
     58|     expect(parsed?.etbBehavior.type).toBe('always_tapped')
       |                                      ^
     59|     expect(result([parsed!], 1)).toMatchObject({ status: 'exact', p2: …
     60|   } finally { spy.mockRestore() }

⎯⎯⎯⎯⎯⎯⎯⎯⎯⎯⎯⎯⎯⎯⎯⎯⎯⎯⎯⎯⎯⎯⎯⎯[1/1]⎯


 Test Files  1 failed (1)
      Tests  1 failed | 5 passed (6)
   Start at  07:35:12
   Duration  315ms (transform 74ms, setup 27ms, import 83ms, tests 7ms, environment 133ms)

