[WebServer] (node:47132) Warning: The 'NO_COLOR' env is ignored due to the 'FORCE_COLOR' env being set.
[WebServer] (Use `node --trace-warnings ...` to show where the warning was created)


Running 16 tests using 1 worker

(node:47133) Warning: The 'NO_COLOR' env is ignored due to the 'FORCE_COLOR' env being set.
(Use `node --trace-warnings ...` to show where the warning was created)


[1/16] [chromium] › tests/e2e/accessibility/a11y.spec.js:23:7 › Accessibility smoke (EN) › Home page — axe critical/serious clear
[2/16] [chromium] › tests/e2e/accessibility/a11y.spec.js:33:7 › Accessibility smoke (EN) › Analyzer empty — axe critical/serious clear
[3/16] [chromium] › tests/e2e/accessibility/a11y.spec.js:44:7 › Accessibility smoke (EN) › Analyzer after Try Example — no critical/serious axe
  1) [chromium] › tests/e2e/accessibility/a11y.spec.js:44:7 › Accessibility smoke (EN) › Analyzer after Try Example — no critical/serious axe 

    Error: expect(locator).toBeVisible() failed

    Locator: getByTestId('analysis-results')
    Expected: visible
    Timeout: 60000ms
    Error: element(s) not found

    Call log:
      - Expect "toBeVisible" getByTestId('analysis-results') with timeout 60000ms
      - waiting for getByTestId('analysis-results')


      47 |     await page.getByRole('button', { name: /try example/i }).click()
      48 |     await page.getByRole('button', { name: /analyze manabase|analyze/i }).first().click()
    > 49 |     await expect(page.getByTestId('analysis-results')).toBeVisible({ timeout: 60000 })
         |                                                        ^
      50 |
      51 |     await settleAnimations(page)
      52 |     const results = await new AxeBuilder({ page }).withTags(['wcag2a', 'wcag2aa']).analyze()
        at /Volumes/DataDisk/_Projects/Project Mana base V2/tests/e2e/accessibility/a11y.spec.js:49:56

    attachment #1: screenshot (image/png) ──────────────────────────────────────────────────────────
    docs/engineering/preuves-corrections/S002/lot-html/browser-round2/accessibility-a11y-Accessi-078f4-e-—-no-critical-serious-axe-chromium/test-failed-1.png
    ────────────────────────────────────────────────────────────────────────────────────────────────

    Error Context: docs/engineering/preuves-corrections/S002/lot-html/browser-round2/accessibility-a11y-Accessi-078f4-e-—-no-critical-serious-axe-chromium/error-context.md

    attachment #3: trace (application/zip) ─────────────────────────────────────────────────────────
    docs/engineering/preuves-corrections/S002/lot-html/browser-round2/accessibility-a11y-Accessi-078f4-e-—-no-critical-serious-axe-chromium/trace.zip
    Usage:

        npx playwright show-trace docs/engineering/preuves-corrections/S002/lot-html/browser-round2/accessibility-a11y-Accessi-078f4-e-—-no-critical-serious-axe-chromium/trace.zip

    ────────────────────────────────────────────────────────────────────────────────────────────────


(node:47564) Warning: The 'NO_COLOR' env is ignored due to the 'FORCE_COLOR' env being set.
(Use `node --trace-warnings ...` to show where the warning was created)


[4/16] [chromium] › tests/e2e/accessibility/a11y.spec.js:57:7 › Accessibility smoke (EN) › Analyzer navigation is unique in the active desktop or mobile menu
[5/16] [chromium] › tests/e2e/accessibility/a11y.spec.js:71:7 › Accessibility smoke (EN) › Keyboard: tab reaches primary actions on home
[6/16] [chromium] › tests/e2e/accessibility/a11y.spec.js:82:7 › Accessibility smoke (EN) › Footer contrast text is readable (grey.800 / grey.300)
[7/16] [chromium] › tests/e2e/accessibility/a11y.spec.js:92:7 › Accessibility smoke (EN) › Home hero shows product preview (P2-2)
[8/16] [chromium] › tests/e2e/accessibility/a11y.spec.js:98:7 › Accessibility smoke (EN) › Analyzer primary buttons use text + icons (no emoji-only)
[9/16] [chromium] › tests/e2e/accessibility/a11y.spec.js:108:7 › Accessibility smoke (EN) › After analyze, focus lands on Health Score verdict (P2-11)
  2) [chromium] › tests/e2e/accessibility/a11y.spec.js:108:7 › Accessibility smoke (EN) › After analyze, focus lands on Health Score verdict (P2-11) 

    Error: expect(locator).toBeVisible() failed

    Locator: getByTestId('quick-verdict')
    Expected: visible
    Timeout: 60000ms
    Error: element(s) not found

    Call log:
      - Expect "toBeVisible" getByTestId('quick-verdict') with timeout 60000ms
      - waiting for getByTestId('quick-verdict')


      111 |     await page.getByRole('textbox', { name: /Paste your decklist/ }).fill('24 Mountain\n36 Lightning Bolt')
      112 |     await page.getByRole('button', { name: /analyze manabase|analyze/i }).first().click()
    > 113 |     await expect(page.getByTestId('quick-verdict')).toBeVisible({ timeout: 60000 })
          |                                                     ^
      114 |     // Focus should move to verdict region for keyboard users
      115 |     await expect
      116 |       .poll(async () => page.evaluate(() => document.activeElement?.id || ''), { timeout: 5000 })
        at /Volumes/DataDisk/_Projects/Project Mana base V2/tests/e2e/accessibility/a11y.spec.js:113:53

    attachment #1: screenshot (image/png) ──────────────────────────────────────────────────────────
    docs/engineering/preuves-corrections/S002/lot-html/browser-round2/accessibility-a11y-Accessi-1d6f1-Health-Score-verdict-P2-11--chromium/test-failed-1.png
    ────────────────────────────────────────────────────────────────────────────────────────────────

    Error Context: docs/engineering/preuves-corrections/S002/lot-html/browser-round2/accessibility-a11y-Accessi-1d6f1-Health-Score-verdict-P2-11--chromium/error-context.md

    attachment #3: trace (application/zip) ─────────────────────────────────────────────────────────
    docs/engineering/preuves-corrections/S002/lot-html/browser-round2/accessibility-a11y-Accessi-1d6f1-Health-Score-verdict-P2-11--chromium/trace.zip
    Usage:

        npx playwright show-trace docs/engineering/preuves-corrections/S002/lot-html/browser-round2/accessibility-a11y-Accessi-1d6f1-Health-Score-verdict-P2-11--chromium/trace.zip

    ────────────────────────────────────────────────────────────────────────────────────────────────


(node:47863) Warning: The 'NO_COLOR' env is ignored due to the 'FORCE_COLOR' env being set.
(Use `node --trace-warnings ...` to show where the warning was created)


[10/16] [chromium] › tests/e2e/accessibility/edit-deck-keyboard.spec.js:12:7 › Edit Deck restores content and focus with Enter at 1440px
[11/16] [chromium] › tests/e2e/accessibility/edit-deck-keyboard.spec.js:12:7 › Edit Deck restores content and focus with Space at 768px
[12/16] [chromium] › tests/e2e/accessibility/edit-deck-keyboard.spec.js:12:7 › Edit Deck restores content and focus with pointer at 360px
[13/16] [chromium] › tests/e2e/accessibility/edit-deck-keyboard.spec.js:12:7 › Edit Deck restores content and focus with touch at 360px
[14/16] [chromium] › tests/e2e/delivery/html-contract.spec.js:4:5 › initial HTTP content, 404, asset and direct analyzer reload
[15/16] [chromium] › tests/e2e/delivery/html-contract.spec.js:24:5 › direct analyzer query and reload mount the candidate chunks
[16/16] [chromium] › tests/e2e/delivery/html-contract.spec.js:34:5 › contrast checker detects a real footer regression
  2 failed
    [chromium] › tests/e2e/accessibility/a11y.spec.js:44:7 › Accessibility smoke (EN) › Analyzer after Try Example — no critical/serious axe 
    [chromium] › tests/e2e/accessibility/a11y.spec.js:108:7 › Accessibility smoke (EN) › After analyze, focus lands on Health Score verdict (P2-11) 
  14 passed (2.3m)
