vite v7.3.6 building client environment for production...
transforming...
✓ 2513 modules transformed.
Circular chunk: vendor-mui -> vendor-redux -> vendor-mui. Please adjust the manual chunk logic for these chunks.
rendering chunks...
computing gzip size...
docs/engineering/preuves-corrections/S002/lot-html/dist/assets/paymentPolicy.worker-BJ_r2YNs.js        9.39 kB
docs/engineering/preuves-corrections/S002/lot-html/dist/index.html                                    12.74 kB │ gzip:   3.96 kB
docs/engineering/preuves-corrections/S002/lot-html/dist/assets/mulliganArchetype.worker-BPK14lCK.js   13.93 kB
docs/engineering/preuves-corrections/S002/lot-html/dist/assets/index-qsdYYaTe.css                     16.39 kB │ gzip:   4.16 kB
docs/engineering/preuves-corrections/S002/lot-html/dist/assets/manaColors-CdHs3f_8.js                  0.42 kB │ gzip:   0.24 kB
docs/engineering/preuves-corrections/S002/lot-html/dist/assets/FloatingManaSymbols-CGGG-Ofw.js         1.20 kB │ gzip:   0.65 kB
docs/engineering/preuves-corrections/S002/lot-html/dist/assets/CardImageTooltip-CXb820LQ.js            1.35 kB │ gzip:   0.70 kB
docs/engineering/preuves-corrections/S002/lot-html/dist/assets/AuthorPage-B13M131a.js                  3.90 kB │ gzip:   1.77 kB
docs/engineering/preuves-corrections/S002/lot-html/dist/assets/PrivacySettings-B5tXIKyR.js             6.08 kB │ gzip:   2.51 kB
docs/engineering/preuves-corrections/S002/lot-html/dist/assets/privacy-COBGLY9n.js                     7.62 kB │ gzip:   2.90 kB
docs/engineering/preuves-corrections/S002/lot-html/dist/assets/ArticleDetailPage-CRCZKwol.js           7.71 kB │ gzip:   2.91 kB
docs/engineering/preuves-corrections/S002/lot-html/dist/assets/EnhancedCharts-DjuTl-F5.js              8.44 kB │ gzip:   2.51 kB
docs/engineering/preuves-corrections/S002/lot-html/dist/assets/AnalysisTab-DcG3qOAl.js                 9.30 kB │ gzip:   3.05 kB
docs/engineering/preuves-corrections/S002/lot-html/dist/assets/StaticPages-DpRT5_qa.js                12.23 kB │ gzip:   4.37 kB
docs/engineering/preuves-corrections/S002/lot-html/dist/assets/EnhancedSpellAnalysis-DIkXbF3F.js      12.90 kB │ gzip:   3.83 kB
docs/engineering/preuves-corrections/S002/lot-html/dist/assets/useLibraryProgress-BeVBCojv.js         13.35 kB │ gzip:   5.27 kB
docs/engineering/preuves-corrections/S002/lot-html/dist/assets/ManabaseFullTab-Be-YMtjm.js            13.66 kB │ gzip:   4.78 kB
docs/engineering/preuves-corrections/S002/lot-html/dist/assets/LandGlossaryPage-Ck0BqvnT.js           13.66 kB │ gzip:   5.06 kB
docs/engineering/preuves-corrections/S002/lot-html/dist/assets/ManaBlueprint-epETPcGq.js              15.62 kB │ gzip:   4.90 kB
docs/engineering/preuves-corrections/S002/lot-html/dist/assets/MyAnalysesPage-Bco19nqh.js             19.22 kB │ gzip:   5.80 kB
docs/engineering/preuves-corrections/S002/lot-html/dist/assets/MulliganTab-CW5BIjVV.js                25.47 kB │ gzip:   8.53 kB
docs/engineering/preuves-corrections/S002/lot-html/dist/assets/MathematicsPage-CHk-nmJI.js            26.28 kB │ gzip:   7.52 kB
docs/engineering/preuves-corrections/S002/lot-html/dist/assets/GuidePage-DWJuA928.js                  26.46 kB │ gzip:   8.37 kB
docs/engineering/preuves-corrections/S002/lot-html/dist/assets/ReferenceArticlesPage-C1cedHHA.js      28.17 kB │ gzip:   8.37 kB
docs/engineering/preuves-corrections/S002/lot-html/dist/assets/purify.es-Ktofpjop.js                  28.68 kB │ gzip:  10.96 kB
docs/engineering/preuves-corrections/S002/lot-html/dist/assets/vendor-mui-icons-CXd-WJEu.js           37.33 kB │ gzip:  11.34 kB
docs/engineering/preuves-corrections/S002/lot-html/dist/assets/PaymentPolicyPanel-CQ8ve-G3.js         44.15 kB │ gzip:   6.35 kB
docs/engineering/preuves-corrections/S002/lot-html/dist/assets/vendor-redux-Bc1t3V2X.js               46.95 kB │ gzip:  15.76 kB
docs/engineering/preuves-corrections/S002/lot-html/dist/assets/CastabilityTab-D1m0LWRf.js             70.37 kB │ gzip:  18.73 kB
docs/engineering/preuves-corrections/S002/lot-html/dist/assets/Onboarding-BYzdDrPn.js                101.80 kB │ gzip:  31.58 kB
docs/engineering/preuves-corrections/S002/lot-html/dist/assets/AnalyzerPage-NRwYbYam.js              134.21 kB │ gzip:  37.20 kB
docs/engineering/preuves-corrections/S002/lot-html/dist/assets/index.es-DmCRpKFg.js                  157.96 kB │ gzip:  52.59 kB
docs/engineering/preuves-corrections/S002/lot-html/dist/assets/vendor-react-YPwVjS-F.js              191.95 kB │ gzip:  62.92 kB
docs/engineering/preuves-corrections/S002/lot-html/dist/assets/html2canvas.esm-DmLBsbfV.js           200.54 kB │ gzip:  46.94 kB
docs/engineering/preuves-corrections/S002/lot-html/dist/assets/index-CU6M2W5q.js                     205.66 kB │ gzip:  58.52 kB
docs/engineering/preuves-corrections/S002/lot-html/dist/assets/vendor-mui-CPNqbaNh.js                370.11 kB │ gzip: 111.38 kB
docs/engineering/preuves-corrections/S002/lot-html/dist/assets/jspdf.es.min-DIO7a9wi.js              385.89 kB │ gzip: 124.85 kB
docs/engineering/preuves-corrections/S002/lot-html/dist/assets/vendor-charts-DRj6zYwE.js             419.29 kB │ gzip: 112.37 kB
✓ built in 2.91s
