AGENTS.md 34ms (unchanged)
HANDOFF.md 16ms (unchanged)
README.md 21ms (unchanged)
SESSION_NOTES.md 14ms (unchanged)
docs/engineering/BLUEPRINT-CSV.md 3ms (unchanged)
docs/engineering/implementation-publication-2026-09-14/00-SYNTHESE.md 8ms
docs/engineering/implementation-publication-2026-09-14/COMMANDES.md 4ms
docs/engineering/implementation-publication-2026-09-14/COMPARE-QA.md 9ms
docs/engineering/implementation-publication-2026-09-14/JOURNAL.md 8ms
docs/engineering/implementation-publication-2026-09-14/PREUVES-VERSIONNEES.md 1ms (unchanged)
docs/engineering/implementation-publication-2026-09-14/PUBLICATION.md 1ms (unchanged)
docs/engineering/implementation-publication-2026-09-14/devops/README.md 5ms
docs/engineering/implementation-publication-2026-09-14/final-05/CUA.md 1ms (unchanged)
docs/engineering/implementation-publication-2026-09-14/final-05/content-links/README.md 2ms
docs/engineering/implementation-publication-2026-09-14/final-05/matrix-completion/MAPPING.md 5ms
docs/engineering/implementation-publication-2026-09-14/final-05/matrix-ux/README.md 1ms (unchanged)
docs/engineering/implementation-publication-2026-09-14/final-05/prepublication/EXTENSION-05.md 1ms (unchanged)
docs/engineering/implementation-publication-2026-09-14/final-05/sharing/README.md 1ms (unchanged)
docs/engineering/implementation-publication-2026-09-14/final-08/CUA.md 1ms (unchanged)
docs/engineering/implementation-publication-2026-09-14/final-08/sharing/README.md 1ms (unchanged)
docs/engineering/implementation-publication-2026-09-14/product/EDITORIAL-DELIVERY.md 1ms
docs/engineering/implementation-publication-2026-09-14/product/FINAL-PERSONAS.md 21ms
docs/engineering/implementation-publication-2026-09-14/product/PREIMPLEMENTATION-PERSONAS.md 17ms
docs/engineering/implementation-publication-2026-09-14/product/PRIMARY-SOURCES.md 1ms (unchanged)
docs/engineering/implementation-publication-2026-09-14/product/PROTOTYPE-REVIEW.md 2ms
docs/engineering/implementation-publication-2026-09-14/product/RESEARCH-AND-LAUNCH.md 3ms (unchanged)
docs/engineering/implementation-publication-2026-09-14/resilience/COLLECTION-OUTAGE.md 2ms
docs/engineering/implementation-publication-2026-09-14/resilience/DRAFT-NAVIGATION.md 3ms (unchanged)
docs/engineering/implementation-publication-2026-09-14/resilience/FETCH-START-SPACING.md 1ms
docs/engineering/implementation-publication-2026-09-14/resilience/RESULTS.md 3ms (unchanged)
