
> manatuner@2.7.9 build:vercel
> node scripts/delivery-gate.mjs

[delivery gate] npm run lint

> manatuner@2.7.9 lint
> eslint src --ext .ts,.tsx --max-warnings=0

[delivery gate] npm run type-check

> manatuner@2.7.9 type-check
> tsc --noEmit

[delivery gate] npx vitest run src tests/component tests/math-audit --configLoader runner --no-cache

 RUN  v4.1.11 /Volumes/DataDisk/_Projects/Project Mana base V2


 Test Files  85 passed (85)
      Tests  839 passed (839)
   Start at  06:52:48
   Duration  16.14s (transform 3.99s, setup 8.70s, import 34.56s, tests 25.84s, environment 51.98s)

[delivery gate] node --test scripts/delivery-gate.test.mjs
[delivery gate] npm run lint
[delivery gate] npm run lint
[delivery gate] npm run type-check
[delivery gate] npm run lint
[delivery gate] npm run type-check
[delivery gate] npx vitest run src tests/component tests/math-audit --configLoader runner --no-cache
[delivery gate] npm run lint
[delivery gate] npm run type-check
[delivery gate] npx vitest run src tests/component tests/math-audit --configLoader runner --no-cache
[delivery gate] node --test scripts/delivery-gate.test.mjs
[delivery gate] npm run lint
[delivery gate] npm run type-check
[delivery gate] npx vitest run src tests/component tests/math-audit --configLoader runner --no-cache
[delivery gate] node --test scripts/delivery-gate.test.mjs
[delivery gate] npx vite build --outDir /Volumes/DataDisk/_Projects/Project Mana base V2/docs/engineering/implementation-publication-2026-09-14/final-04/candidate
[delivery gate] npm run lint
[delivery gate] npm run type-check
[delivery gate] npx vitest run src tests/component tests/math-audit --configLoader runner --no-cache
[delivery gate] node --test scripts/delivery-gate.test.mjs
[delivery gate] npx vite build --outDir /Volumes/DataDisk/_Projects/Project Mana base V2/docs/engineering/implementation-publication-2026-09-14/final-04/candidate
[delivery gate] node scripts/check-bundle-budget.mjs
[delivery gate] npm run lint
[delivery gate] npm run type-check
[delivery gate] npx vitest run src tests/component tests/math-audit --configLoader runner --no-cache
[delivery gate] node --test scripts/delivery-gate.test.mjs
[delivery gate] npx vite build --outDir /Volumes/DataDisk/_Projects/Project Mana base V2/docs/engineering/implementation-publication-2026-09-14/final-04/candidate
[delivery gate] node scripts/check-bundle-budget.mjs
[delivery gate] npm audit --audit-level=high
[delivery gate] npm run lint
[delivery gate] npm run type-check
[delivery gate] npx vitest run src tests/component tests/math-audit --configLoader runner --no-cache
[delivery gate] node --test scripts/delivery-gate.test.mjs
[delivery gate] npx vite build --outDir /Volumes/DataDisk/_Projects/Project Mana base V2/docs/engineering/implementation-publication-2026-09-14/final-04/candidate
[delivery gate] node scripts/check-bundle-budget.mjs
[delivery gate] npm audit --audit-level=high
[delivery gate] node scripts/prerender.mjs
[delivery gate] npm run lint
[delivery gate] npm run type-check
[delivery gate] npx vitest run src tests/component tests/math-audit --configLoader runner --no-cache
[delivery gate] node --test scripts/delivery-gate.test.mjs
[delivery gate] npx vite build --outDir /Volumes/DataDisk/_Projects/Project Mana base V2/docs/engineering/implementation-publication-2026-09-14/final-04/candidate
[delivery gate] node scripts/check-bundle-budget.mjs
[delivery gate] npm audit --audit-level=high
[delivery gate] node scripts/prerender.mjs
[delivery gate] npx playwright test --config=playwright.delivery.config.js --project=chromium
[delivery gate] npm run lint
[delivery gate] npm run lint
[delivery gate] npm run type-check
[delivery gate] npx vitest run src tests/component tests/math-audit --configLoader runner --no-cache
[delivery gate] node --test scripts/delivery-gate.test.mjs
[delivery gate] npx vite build --outDir /Volumes/DataDisk/_Projects/Project Mana base V2/docs/engineering/implementation-publication-2026-09-14/final-04/candidate
[delivery gate] node scripts/check-bundle-budget.mjs
[delivery gate] npm audit --audit-level=high
[delivery gate] node scripts/prerender.mjs
[delivery gate] npx playwright test --config=playwright.delivery.config.js --project=chromium
[delivery gate] All candidate checks passed; build may finish.
✔ every failing check prevents later build/publish readiness (2.261209ms)
✔ a killed check also blocks readiness (0.436167ms)
✔ successful checks run exactly once and in order (0.507167ms)
ℹ tests 3
ℹ suites 0
ℹ pass 3
ℹ fail 0
ℹ cancelled 0
ℹ skipped 0
ℹ todo 0
ℹ duration_ms 51.292917
[delivery gate] npx vite build --outDir /Volumes/DataDisk/_Projects/Project Mana base V2/docs/engineering/implementation-publication-2026-09-14/final-04/candidate
vite v7.3.6 building client environment for production...
transforming...
✓ 2524 modules transformed.
Circular chunk: vendor-mui -> vendor-redux -> vendor-mui. Please adjust the manual chunk logic for these chunks.
rendering chunks...
computing gzip size...
docs/engineering/implementation-publication-2026-09-14/final-04/candidate/assets/paymentPolicy.worker-BJ_r2YNs.js        9.39 kB
docs/engineering/implementation-publication-2026-09-14/final-04/candidate/index.html                                    12.06 kB │ gzip:   3.96 kB
docs/engineering/implementation-publication-2026-09-14/final-04/candidate/assets/mulliganArchetype.worker-BPK14lCK.js   13.93 kB
docs/engineering/implementation-publication-2026-09-14/final-04/candidate/assets/index-B402_fsG.css                     16.18 kB │ gzip:   4.11 kB
docs/engineering/implementation-publication-2026-09-14/final-04/candidate/assets/manaColors-CdHs3f_8.js                  0.42 kB │ gzip:   0.24 kB
docs/engineering/implementation-publication-2026-09-14/final-04/candidate/assets/FloatingManaSymbols-JBQdty9s.js         1.20 kB │ gzip:   0.64 kB
docs/engineering/implementation-publication-2026-09-14/final-04/candidate/assets/karstenReference-B3H3BAFG.js            1.24 kB │ gzip:   0.74 kB
docs/engineering/implementation-publication-2026-09-14/final-04/candidate/assets/CardImageTooltip-B03kgBhL.js            1.35 kB │ gzip:   0.70 kB
docs/engineering/implementation-publication-2026-09-14/final-04/candidate/assets/AuthorPage-DO78Pn9U.js                  3.90 kB │ gzip:   1.78 kB
docs/engineering/implementation-publication-2026-09-14/final-04/candidate/assets/CompareChange-Cccai9IQ.js               5.54 kB │ gzip:   2.43 kB
docs/engineering/implementation-publication-2026-09-14/final-04/candidate/assets/PrivacySettings-DHKaLuQn.js             6.08 kB │ gzip:   2.51 kB
docs/engineering/implementation-publication-2026-09-14/final-04/candidate/assets/ArticleDetailPage-DGsUMiTo.js           7.75 kB │ gzip:   2.93 kB
docs/engineering/implementation-publication-2026-09-14/final-04/candidate/assets/CompareView-FIYFKBoR.js                 8.04 kB │ gzip:   2.63 kB
docs/engineering/implementation-publication-2026-09-14/final-04/candidate/assets/EnhancedCharts-1w1iKCbY.js              8.44 kB │ gzip:   2.50 kB
docs/engineering/implementation-publication-2026-09-14/final-04/candidate/assets/AnalysisTab-j71Olh1c.js                 9.30 kB │ gzip:   3.05 kB
docs/engineering/implementation-publication-2026-09-14/final-04/candidate/assets/privacy-DFPkMQvW.js                    10.61 kB │ gzip:   4.20 kB
docs/engineering/implementation-publication-2026-09-14/final-04/candidate/assets/StaticPages-Dhrsh3lv.js                12.32 kB │ gzip:   4.40 kB
docs/engineering/implementation-publication-2026-09-14/final-04/candidate/assets/EnhancedSpellAnalysis-1nRoikz2.js      13.15 kB │ gzip:   3.91 kB
docs/engineering/implementation-publication-2026-09-14/final-04/candidate/assets/useLibraryProgress-D-kVB35y.js         13.40 kB │ gzip:   5.29 kB
docs/engineering/implementation-publication-2026-09-14/final-04/candidate/assets/LandGlossaryPage-BSR86DVI.js           13.70 kB │ gzip:   5.11 kB
docs/engineering/implementation-publication-2026-09-14/final-04/candidate/assets/ManabaseFullTab-DUq1lT43.js            13.77 kB │ gzip:   4.84 kB
docs/engineering/implementation-publication-2026-09-14/final-04/candidate/assets/MyAnalysesPage-qlI4jPGV.js             14.07 kB │ gzip:   4.69 kB
docs/engineering/implementation-publication-2026-09-14/final-04/candidate/assets/ManaBlueprint-CQRu6ubf.js              19.18 kB │ gzip:   6.19 kB
docs/engineering/implementation-publication-2026-09-14/final-04/candidate/assets/MulliganTab-qT1L0k-h.js                26.28 kB │ gzip:   8.76 kB
docs/engineering/implementation-publication-2026-09-14/final-04/candidate/assets/GuidePage-DR4jA2Xe.js                  27.92 kB │ gzip:   8.50 kB
docs/engineering/implementation-publication-2026-09-14/final-04/candidate/assets/MathematicsPage-Cx-xkhd4.js            28.08 kB │ gzip:   7.51 kB
docs/engineering/implementation-publication-2026-09-14/final-04/candidate/assets/ReferenceArticlesPage-C0cbbGzW.js      28.22 kB │ gzip:   8.38 kB
docs/engineering/implementation-publication-2026-09-14/final-04/candidate/assets/purify.es-Ktofpjop.js                  28.68 kB │ gzip:  10.96 kB
docs/engineering/implementation-publication-2026-09-14/final-04/candidate/assets/vendor-mui-icons-BYTcy8LM.js           37.33 kB │ gzip:  11.33 kB
docs/engineering/implementation-publication-2026-09-14/final-04/candidate/assets/PaymentPolicyPanel-DFhjvOKL.js         44.15 kB │ gzip:   6.34 kB
docs/engineering/implementation-publication-2026-09-14/final-04/candidate/assets/vendor-redux-Bomp_00X.js               46.95 kB │ gzip:  15.76 kB
docs/engineering/implementation-publication-2026-09-14/final-04/candidate/assets/CastabilityTab-Cyh2CTCO.js             70.82 kB │ gzip:  18.90 kB
docs/engineering/implementation-publication-2026-09-14/final-04/candidate/assets/Onboarding-Bhxs_ovP.js                101.80 kB │ gzip:  31.58 kB
docs/engineering/implementation-publication-2026-09-14/final-04/candidate/assets/AnalyzerPage-DvoAuJFJ.js              142.62 kB │ gzip:  40.42 kB
docs/engineering/implementation-publication-2026-09-14/final-04/candidate/assets/index.es-DN6FyOSU.js                  157.96 kB │ gzip:  52.59 kB
docs/engineering/implementation-publication-2026-09-14/final-04/candidate/assets/vendor-react-YPwVjS-F.js              191.95 kB │ gzip:  62.92 kB
docs/engineering/implementation-publication-2026-09-14/final-04/candidate/assets/html2canvas.esm-DmLBsbfV.js           200.54 kB │ gzip:  46.94 kB
docs/engineering/implementation-publication-2026-09-14/final-04/candidate/assets/index-Hs-3p891.js                     206.87 kB │ gzip:  58.94 kB
docs/engineering/implementation-publication-2026-09-14/final-04/candidate/assets/vendor-mui-CsLjOemj.js                370.12 kB │ gzip: 111.39 kB
docs/engineering/implementation-publication-2026-09-14/final-04/candidate/assets/jspdf.es.min-ohz7FKT0.js              385.89 kB │ gzip: 124.85 kB
docs/engineering/implementation-publication-2026-09-14/final-04/candidate/assets/vendor-charts-CeEB8r9I.js             419.29 kB │ gzip: 112.37 kB
✓ built in 3.75s
[delivery gate] node scripts/check-bundle-budget.mjs
Bundle budget check (QW3)
     409.5 KB  vendor-charts-CeEB8r9I.js
     376.8 KB  jspdf.es.min-ohz7FKT0.js
     361.4 KB  vendor-mui-CsLjOemj.js
     202.0 KB  index-Hs-3p891.js
     195.8 KB  html2canvas.esm-DmLBsbfV.js
     187.5 KB  vendor-react-YPwVjS-F.js
     154.3 KB  index.es-DN6FyOSU.js
     139.3 KB  AnalyzerPage-DvoAuJFJ.js
      99.4 KB  Onboarding-Bhxs_ovP.js
      69.2 KB  CastabilityTab-Cyh2CTCO.js
      45.9 KB  vendor-redux-Bomp_00X.js
      43.1 KB  PaymentPolicyPanel-DFhjvOKL.js
      36.5 KB  vendor-mui-icons-BYTcy8LM.js
      28.0 KB  purify.es-Ktofpjop.js
      27.6 KB  ReferenceArticlesPage-C0cbbGzW.js

OK — all budgets within limits
[delivery gate] npm audit --audit-level=high
found 0 vulnerabilities
[delivery gate] node scripts/prerender.mjs

--- Prerendering ManaTuner ---

Routes: 9 static + 65 articles + 27 authors = 101 total
Concurrency: 4 · timeout: 20000ms
Starting preview server...
Preview server running at http://127.0.0.1:4174
  Rendering /mathematics ...  Rendering /guide ...  Rendering /analyzer ...  Rendering / ... -> docs/engineering/implementation-publication-2026-09-14/final-04/candidate/index.html
 -> docs/engineering/implementation-publication-2026-09-14/final-04/candidate/mathematics/index.html
 -> docs/engineering/implementation-publication-2026-09-14/final-04/candidate/guide/index.html
 -> docs/engineering/implementation-publication-2026-09-14/final-04/candidate/analyzer/index.html
  Rendering /land-glossary ...  Rendering /about ...  Rendering /privacy ...  Rendering /library ... -> docs/engineering/implementation-publication-2026-09-14/final-04/candidate/about/index.html
 -> docs/engineering/implementation-publication-2026-09-14/final-04/candidate/land-glossary/index.html
 -> docs/engineering/implementation-publication-2026-09-14/final-04/candidate/privacy/index.html
  Rendering /my-analyses ...  Rendering /library/reid-duke-level-one-building-a-deck ...  Rendering /library/karsten-how-many-lands-2022 ... -> docs/engineering/implementation-publication-2026-09-14/final-04/candidate/my-analyses/index.html
 -> docs/engineering/implementation-publication-2026-09-14/final-04/candidate/library/reid-duke-level-one-building-a-deck/index.html
 -> docs/engineering/implementation-publication-2026-09-14/final-04/candidate/library/index.html
  Rendering /library/kuisma-beat-bad-luck ... -> docs/engineering/implementation-publication-2026-09-14/final-04/candidate/library/karsten-how-many-lands-2022/index.html
  Rendering /library/chapin-art-of-mulligan ...  Rendering /library/saito-part-2-having-fun ...  Rendering /library/reid-duke-level-one-mulligans ... -> docs/engineering/implementation-publication-2026-09-14/final-04/candidate/library/kuisma-beat-bad-luck/index.html
 -> docs/engineering/implementation-publication-2026-09-14/final-04/candidate/library/chapin-art-of-mulligan/index.html
 -> docs/engineering/implementation-publication-2026-09-14/final-04/candidate/library/saito-part-2-having-fun/index.html
 -> docs/engineering/implementation-publication-2026-09-14/final-04/candidate/library/reid-duke-level-one-mulligans/index.html
  Rendering /library/reid-duke-level-one-sequencing ...  Rendering /library/pvddr-6-heuristics ...  Rendering /library/manfield-prepare-tournament ...  Rendering /library/reid-duke-level-one-sideboarding ... -> docs/engineering/implementation-publication-2026-09-14/final-04/candidate/library/reid-duke-level-one-sequencing/index.html
 -> docs/engineering/implementation-publication-2026-09-14/final-04/candidate/library/pvddr-6-heuristics/index.html
 -> docs/engineering/implementation-publication-2026-09-14/final-04/candidate/library/manfield-prepare-tournament/index.html
 -> docs/engineering/implementation-publication-2026-09-14/final-04/candidate/library/reid-duke-level-one-sideboarding/index.html
  Rendering /library/reid-duke-level-one-sideboard-plans ...  Rendering /library/pvddr-one-mistake-archive ...  Rendering /library/reid-duke-mulligans-part-iii-constructed ...  Rendering /library/fortier-ladder-series ... -> docs/engineering/implementation-publication-2026-09-14/final-04/candidate/library/reid-duke-level-one-sideboard-plans/index.html
 -> docs/engineering/implementation-publication-2026-09-14/final-04/candidate/library/pvddr-one-mistake-archive/index.html
 -> docs/engineering/implementation-publication-2026-09-14/final-04/candidate/library/reid-duke-mulligans-part-iii-constructed/index.html
 -> docs/engineering/implementation-publication-2026-09-14/final-04/candidate/library/fortier-ladder-series/index.html
  Rendering /library/zvi-using-time-wisely ...  Rendering /library/pvddr-when-to-mulligan ...  Rendering /library/saito-part-1-concentration ...  Rendering /library/fortier-dash-method ... -> docs/engineering/implementation-publication-2026-09-14/final-04/candidate/library/zvi-using-time-wisely/index.html
 -> docs/engineering/implementation-publication-2026-09-14/final-04/candidate/library/pvddr-when-to-mulligan/index.html
 -> docs/engineering/implementation-publication-2026-09-14/final-04/candidate/library/saito-part-1-concentration/index.html
 -> docs/engineering/implementation-publication-2026-09-14/final-04/candidate/library/fortier-dash-method/index.html
  Rendering /library/moudou-game-theory-series ...  Rendering /library/dagen-puzzling-improvements ...  Rendering /library/chapin-61-cards-russian-roulette ...  Rendering /library/yahi-maths-inventory ... -> docs/engineering/implementation-publication-2026-09-14/final-04/candidate/library/moudou-game-theory-series/index.html
 -> docs/engineering/implementation-publication-2026-09-14/final-04/candidate/library/dagen-puzzling-improvements/index.html
 -> docs/engineering/implementation-publication-2026-09-14/final-04/candidate/library/chapin-61-cards-russian-roulette/index.html
 -> docs/engineering/implementation-publication-2026-09-14/final-04/candidate/library/yahi-maths-inventory/index.html
  Rendering /library/pvddr-best-vs-known ...  Rendering /library/chapin-information-cascades ...  Rendering /library/zvi-elephant-method ...  Rendering /library/saito-part-3-environment ... -> docs/engineering/implementation-publication-2026-09-14/final-04/candidate/library/chapin-information-cascades/index.html
 -> docs/engineering/implementation-publication-2026-09-14/final-04/candidate/library/pvddr-best-vs-known/index.html
 -> docs/engineering/implementation-publication-2026-09-14/final-04/candidate/library/zvi-elephant-method/index.html
 -> docs/engineering/implementation-publication-2026-09-14/final-04/candidate/library/saito-part-3-environment/index.html
  Rendering /library/saito-part-4-metagame ...  Rendering /library/saito-part-5-connections ...  Rendering /library/saito-part-7-other-lessons ...  Rendering /library/pvddr-pv-rule ... -> docs/engineering/implementation-publication-2026-09-14/final-04/candidate/library/saito-part-4-metagame/index.html
 -> docs/engineering/implementation-publication-2026-09-14/final-04/candidate/library/saito-part-5-connections/index.html
 -> docs/engineering/implementation-publication-2026-09-14/final-04/candidate/library/saito-part-7-other-lessons/index.html
 -> docs/engineering/implementation-publication-2026-09-14/final-04/candidate/library/pvddr-pv-rule/index.html
  Rendering /library/karsten-colored-sources-2022 ...  Rendering /library/karsten-hypergeometric-intro ...  Rendering /library/karsten-commander-manabase ...  Rendering /library/karsten-colored-sources-2018-archive ... -> docs/engineering/implementation-publication-2026-09-14/final-04/candidate/library/karsten-colored-sources-2022/index.html
 -> docs/engineering/implementation-publication-2026-09-14/final-04/candidate/library/karsten-hypergeometric-intro/index.html
 -> docs/engineering/implementation-publication-2026-09-14/final-04/candidate/library/karsten-commander-manabase/index.html
  Rendering /library/wizards-commander-brackets-2024 ... -> docs/engineering/implementation-publication-2026-09-14/final-04/candidate/library/karsten-colored-sources-2018-archive/index.html
  Rendering /library/command-zone-podcast ...  Rendering /library/game-knights-command-zone-studios ...  Rendering /library/edhrec-articles-hub ... -> docs/engineering/implementation-publication-2026-09-14/final-04/candidate/library/wizards-commander-brackets-2024/index.html
 -> docs/engineering/implementation-publication-2026-09-14/final-04/candidate/library/command-zone-podcast/index.html
 -> docs/engineering/implementation-publication-2026-09-14/final-04/candidate/library/game-knights-command-zone-studios/index.html
 -> docs/engineering/implementation-publication-2026-09-14/final-04/candidate/library/edhrec-articles-hub/index.html
  Rendering /library/limited-resources-podcast ...  Rendering /library/seventeen-lands-blog ...  Rendering /library/lsv-draft-signals-classic ...  Rendering /library/reid-duke-signals-booster-draft ... -> docs/engineering/implementation-publication-2026-09-14/final-04/candidate/library/limited-resources-podcast/index.html
 -> docs/engineering/implementation-publication-2026-09-14/final-04/candidate/library/seventeen-lands-blog/index.html
 -> docs/engineering/implementation-publication-2026-09-14/final-04/candidate/library/lsv-draft-signals-classic/index.html
 -> docs/engineering/implementation-publication-2026-09-14/final-04/candidate/library/reid-duke-signals-booster-draft/index.html
  Rendering /library/reid-duke-sideboarding-limited ...  Rendering /library/reid-duke-mulligans-part-ii-limited ...  Rendering /library/chapin-next-level-deckbuilding ...  Rendering /library/reid-duke-level-one-role-assignment ... -> docs/engineering/implementation-publication-2026-09-14/final-04/candidate/library/reid-duke-sideboarding-limited/index.html
 -> docs/engineering/implementation-publication-2026-09-14/final-04/candidate/library/reid-duke-mulligans-part-ii-limited/index.html
 -> docs/engineering/implementation-publication-2026-09-14/final-04/candidate/library/chapin-next-level-deckbuilding/index.html
 -> docs/engineering/implementation-publication-2026-09-14/final-04/candidate/library/reid-duke-level-one-role-assignment/index.html
  Rendering /library/reid-duke-level-one-play-or-draw ...  Rendering /library/chapin-next-level-magic-tempo ...  Rendering /library/reid-duke-level-one-full-course ...  Rendering /library/zvi-whos-the-beatdown-2-multitasking ... -> docs/engineering/implementation-publication-2026-09-14/final-04/candidate/library/reid-duke-level-one-play-or-draw/index.html
 -> docs/engineering/implementation-publication-2026-09-14/final-04/candidate/library/chapin-next-level-magic-tempo/index.html
 -> docs/engineering/implementation-publication-2026-09-14/final-04/candidate/library/reid-duke-level-one-full-course/index.html
 -> docs/engineering/implementation-publication-2026-09-14/final-04/candidate/library/zvi-whos-the-beatdown-2-multitasking/index.html
  Rendering /library/pvddr-ten-commandments ...  Rendering /library/flores-whos-the-beatdown ...  Rendering /library/lsv-mulligans ...  Rendering /library/karsten-london-mulligan ... -> docs/engineering/implementation-publication-2026-09-14/final-04/candidate/library/pvddr-ten-commandments/index.html
 -> docs/engineering/implementation-publication-2026-09-14/final-04/candidate/library/flores-whos-the-beatdown/index.html
 -> docs/engineering/implementation-publication-2026-09-14/final-04/candidate/library/lsv-mulligans/index.html
 -> docs/engineering/implementation-publication-2026-09-14/final-04/candidate/library/karsten-london-mulligan/index.html
  Rendering /library/wizards-banned-restricted ...  Rendering /library/pvddr-how-to-sideboard ...  Rendering /library/boa-mtgo-getting-started ...  Rendering /library/depraz-mtgo-stops ... -> docs/engineering/implementation-publication-2026-09-14/final-04/candidate/library/wizards-banned-restricted/index.html
 -> docs/engineering/implementation-publication-2026-09-14/final-04/candidate/library/pvddr-how-to-sideboard/index.html
 -> docs/engineering/implementation-publication-2026-09-14/final-04/candidate/library/boa-mtgo-getting-started/index.html
 -> docs/engineering/implementation-publication-2026-09-14/final-04/candidate/library/depraz-mtgo-stops/index.html
  Rendering /library/pcm-15-avoir-un-plan ...  Rendering /library/battle-chads-mtg-study-win-rates ...  Rendering /library/pcm-92-tourner-cartes ...  Rendering /library/pcm-67-coherence-depraz ... -> docs/engineering/implementation-publication-2026-09-14/final-04/candidate/library/battle-chads-mtg-study-win-rates/index.html
 -> docs/engineering/implementation-publication-2026-09-14/final-04/candidate/library/pcm-15-avoir-un-plan/index.html
 -> docs/engineering/implementation-publication-2026-09-14/final-04/candidate/library/pcm-92-tourner-cartes/index.html
 -> docs/engineering/implementation-publication-2026-09-14/final-04/candidate/library/pcm-67-coherence-depraz/index.html
  Rendering /library/pcm-125-heuristiques ...  Rendering /library/lsv-looter-problem-lost ...  Rendering /library/pcm-164-erwan-control ...  Rendering /library/author/reid-duke ... -> docs/engineering/implementation-publication-2026-09-14/final-04/candidate/library/pcm-125-heuristiques/index.html
 -> docs/engineering/implementation-publication-2026-09-14/final-04/candidate/library/lsv-looter-problem-lost/index.html
 -> docs/engineering/implementation-publication-2026-09-14/final-04/candidate/library/pcm-164-erwan-control/index.html
  Rendering /library/author/frank-karsten ...  Rendering /library/author/matti-kuisma ...  Rendering /library/author/patrick-chapin ... -> docs/engineering/implementation-publication-2026-09-14/final-04/candidate/library/author/reid-duke/index.html
  Rendering /library/author/tomoharu-saito ... -> docs/engineering/implementation-publication-2026-09-14/final-04/candidate/library/author/frank-karsten/index.html
 -> docs/engineering/implementation-publication-2026-09-14/final-04/candidate/library/author/matti-kuisma/index.html
  Rendering /library/author/paulo-vitor-damo-da-rosa ... -> docs/engineering/implementation-publication-2026-09-14/final-04/candidate/library/author/patrick-chapin/index.html
  Rendering /library/author/seth-manfield ... -> docs/engineering/implementation-publication-2026-09-14/final-04/candidate/library/author/tomoharu-saito/index.html
  Rendering /library/author/remi-fortier ...  Rendering /library/author/zvi-mowshowitz ... -> docs/engineering/implementation-publication-2026-09-14/final-04/candidate/library/author/paulo-vitor-damo-da-rosa/index.html
 -> docs/engineering/implementation-publication-2026-09-14/final-04/candidate/library/author/seth-manfield/index.html
 -> docs/engineering/implementation-publication-2026-09-14/final-04/candidate/library/author/remi-fortier/index.html
  Rendering /library/author/pierre-dagen ...  Rendering /library/author/moudou ...  Rendering /library/author/anael-yahi ... -> docs/engineering/implementation-publication-2026-09-14/final-04/candidate/library/author/zvi-mowshowitz/index.html
  Rendering /library/author/gavin-verhey-wizards-of-the-coast ... -> docs/engineering/implementation-publication-2026-09-14/final-04/candidate/library/author/pierre-dagen/index.html
 -> docs/engineering/implementation-publication-2026-09-14/final-04/candidate/library/author/moudou/index.html
 -> docs/engineering/implementation-publication-2026-09-14/final-04/candidate/library/author/anael-yahi/index.html
  Rendering /library/author/jimmy-wong-josh-lee-kwai ...  Rendering /library/author/josh-lee-kwai-jimmy-wong ...  Rendering /library/author/edhrec-staff-contributors ... -> docs/engineering/implementation-publication-2026-09-14/final-04/candidate/library/author/gavin-verhey-wizards-of-the-coast/index.html
  Rendering /library/author/marshall-sutcliffe-luis-scott-vargas ... -> docs/engineering/implementation-publication-2026-09-14/final-04/candidate/library/author/josh-lee-kwai-jimmy-wong/index.html
 -> docs/engineering/implementation-publication-2026-09-14/final-04/candidate/library/author/jimmy-wong-josh-lee-kwai/index.html
 -> docs/engineering/implementation-publication-2026-09-14/final-04/candidate/library/author/edhrec-staff-contributors/index.html
  Rendering /library/author/17lands-team ...  Rendering /library/author/luis-scott-vargas ...  Rendering /library/author/mike-flores ... -> docs/engineering/implementation-publication-2026-09-14/final-04/candidate/library/author/marshall-sutcliffe-luis-scott-vargas/index.html
  Rendering /library/author/wizards-of-the-coast ... -> docs/engineering/implementation-publication-2026-09-14/final-04/candidate/library/author/17lands-team/index.html
 -> docs/engineering/implementation-publication-2026-09-14/final-04/candidate/library/author/luis-scott-vargas/index.html
 -> docs/engineering/implementation-publication-2026-09-14/final-04/candidate/library/author/mike-flores/index.html
  Rendering /library/author/el-gran-boa ...  Rendering /library/author/jean-emmanuel-depraz ...  Rendering /library/author/battle-chads-with-eduardo-sajgalik-sahar-mirhadi ... -> docs/engineering/implementation-publication-2026-09-14/final-04/candidate/library/author/wizards-of-the-coast/index.html
 -> docs/engineering/implementation-publication-2026-09-14/final-04/candidate/library/author/el-gran-boa/index.html
 -> docs/engineering/implementation-publication-2026-09-14/final-04/candidate/library/author/jean-emmanuel-depraz/index.html
  Rendering /library/author/charles-wickham-theau-mery ... -> docs/engineering/implementation-publication-2026-09-14/final-04/candidate/library/author/battle-chads-with-eduardo-sajgalik-sahar-mirhadi/index.html
  Rendering /library/author/charles-wickham-theau-mery-jean-emmanuel-depraz ...  Rendering /library/author/theau-mery-erwan-maisonneuve ... -> docs/engineering/implementation-publication-2026-09-14/final-04/candidate/library/author/charles-wickham-theau-mery/index.html
 -> docs/engineering/implementation-publication-2026-09-14/final-04/candidate/library/author/charles-wickham-theau-mery-jean-emmanuel-depraz/index.html
 -> docs/engineering/implementation-publication-2026-09-14/final-04/candidate/library/author/theau-mery-erwan-maisonneuve/index.html

Prerender complete: 101 succeeded, 0 failed
---

HTML contract passed: 101 public routes, unique metadata, local assets and noindex 404. Vercel serves unmatched static paths with 404.html; local preview is not evidence of deployed routing.
[delivery gate] npx playwright test --config=playwright.delivery.config.js --project=chromium
[WebServer] (node:82877) Warning: The 'NO_COLOR' env is ignored due to the 'FORCE_COLOR' env being set.
[WebServer] (Use `node --trace-warnings ...` to show where the warning was created)


Running 16 tests using 1 worker

(node:82878) Warning: The 'NO_COLOR' env is ignored due to the 'FORCE_COLOR' env being set.
(Use `node --trace-warnings ...` to show where the warning was created)


[1/16] [chromium] › tests/e2e/accessibility/a11y.spec.js:28:7 › Accessibility smoke (EN) › Home page — axe critical/serious clear
[2/16] [chromium] › tests/e2e/accessibility/a11y.spec.js:38:7 › Accessibility smoke (EN) › Analyzer empty — axe critical/serious clear
[3/16] [chromium] › tests/e2e/accessibility/a11y.spec.js:51:7 › Accessibility smoke (EN) › Analyzer with fixed card metadata — no critical/serious axe
[4/16] [chromium] › tests/e2e/accessibility/a11y.spec.js:71:7 › Accessibility smoke (EN) › Analyzer navigation is unique in the active desktop or mobile menu
[5/16] [chromium] › tests/e2e/accessibility/a11y.spec.js:87:7 › Accessibility smoke (EN) › Keyboard: tab reaches primary actions on home
[6/16] [chromium] › tests/e2e/accessibility/a11y.spec.js:98:7 › Accessibility smoke (EN) › Footer contrast text is readable (grey.800 / grey.300)
[7/16] [chromium] › tests/e2e/accessibility/a11y.spec.js:111:7 › Accessibility smoke (EN) › Home hero shows product preview (P2-2)
[8/16] [chromium] › tests/e2e/accessibility/a11y.spec.js:117:7 › Accessibility smoke (EN) › Analyzer primary buttons use text + icons (no emoji-only)
[9/16] [chromium] › tests/e2e/accessibility/a11y.spec.js:127:7 › Accessibility smoke (EN) › After analyze, focus lands on Health Score verdict (P2-11)
[10/16] [chromium] › tests/e2e/accessibility/edit-deck-keyboard.spec.js:12:7 › Edit Deck restores content and focus with Enter at 1440px
[11/16] [chromium] › tests/e2e/accessibility/edit-deck-keyboard.spec.js:12:7 › Edit Deck restores content and focus with Space at 768px
[12/16] [chromium] › tests/e2e/accessibility/edit-deck-keyboard.spec.js:12:7 › Edit Deck restores content and focus with pointer at 360px
[13/16] [chromium] › tests/e2e/accessibility/edit-deck-keyboard.spec.js:12:7 › Edit Deck restores content and focus with touch at 360px
[14/16] [chromium] › tests/e2e/delivery/html-contract.spec.js:4:5 › initial HTTP content, 404, asset and direct analyzer reload
[15/16] [chromium] › tests/e2e/delivery/html-contract.spec.js:40:5 › direct analyzer query and reload mount the candidate chunks
[16/16] [chromium] › tests/e2e/delivery/html-contract.spec.js:50:5 › contrast checker detects a real footer regression
  16 passed (20.1s)
[delivery gate] All candidate checks passed; build may finish.
